 qwprogs

 Timestamp is 454a819a (Thu Nov 02 18:39:06 2006)

 Preferred load address is 10000000

 Start         Length     Name                   Class
 0001:00000000 00066e14H .text                   CODE
 0002:00000000 00000120H .idata$5                DATA
 0002:00000120 00000004H .CRT$XCA                DATA
 0002:00000124 00000004H .CRT$XCZ                DATA
 0002:00000128 00000004H .CRT$XIA                DATA
 0002:0000012c 00000014H .CRT$XIC                DATA
 0002:00000140 00000004H .CRT$XIZ                DATA
 0002:00000144 00000004H .CRT$XPA                DATA
 0002:00000148 00000004H .CRT$XPX                DATA
 0002:0000014c 00000004H .CRT$XPXA               DATA
 0002:00000150 00000004H .CRT$XPZ                DATA
 0002:00000154 00000004H .CRT$XTA                DATA
 0002:00000158 00000004H .CRT$XTZ                DATA
 0002:00000160 00016168H .rdata                  DATA
 0002:000162d0 0000000cH .rdata$sxdata           DATA
 0002:000162dc 00000004H .rtc$IAA                DATA
 0002:000162e0 00000004H .rtc$IZZ                DATA
 0002:000162e4 00000004H .rtc$TAA                DATA
 0002:000162e8 00000004H .rtc$TZZ                DATA
 0002:000162f0 000003ccH .xdata$x                DATA
 0002:000166bc 00000014H .idata$2                DATA
 0002:000166d0 00000014H .idata$3                DATA
 0002:000166e4 00000120H .idata$4                DATA
 0002:00016804 00000508H .idata$6                DATA
 0002:00016d10 00000058H .edata                  DATA
 0003:00000000 00001b00H .data                   DATA
 0003:00001b00 0019a084H .bss                    DATA

  Address         Publics by Value              Rva+Base       Lib:Object

 0000:00000000       __except_list              00000000     <absolute>
 0000:00000003       ___safe_se_handler_count   00000003     <absolute>
 0000:00000000       ___ImageBase               10000000     <linker-defined>
 0001:00000000       _TeamFortress_Cmd_Discard  10001000 f   actions.obj
 0001:00000720       _TeamFortress_Discard      10001720 f   actions.obj
 0001:00000c40       _TeamFortress_SaveMe       10001c40 f   actions.obj
 0001:00000e70       _TeamFortress_ReloadCurrentWeapon 10001e70 f   actions.obj
 0001:00001540       _TeamFortress_ID_Player    10002540 f   actions.obj
 0001:000017b0       _TeamFortress_ID_Sentry    100027b0 f   actions.obj
 0001:00001990       _TeamFortress_ID           10002990 f   actions.obj
 0001:00001df0       _CeaseFire_think           10002df0 f   admin.obj
 0001:00001f20       _CheckAutoKick             10002f20 f   admin.obj
 0001:00002080       _Admin_Cmd                 10003080 f   admin_cmd.obj
 0001:000026d0       _memmove                   100036d0 f   bg_lib.obj
 0001:00002730       _srand                     10003730 f   bg_lib.obj
 0001:00002740       _rand                      10003740 f   bg_lib.obj
 0001:00002760       _atof                      10003760 f   bg_lib.obj
 0001:00002840       _button_done               10003840 f   buttons.obj
 0001:00002850       _button_return             10003850 f   buttons.obj
 0001:000028c0       _button_wait               100038c0 f   buttons.obj
 0001:00002920       _button_fire               10003920 f   buttons.obj
 0001:00002990       _button_use                10003990 f   buttons.obj
 0001:000029b0       _button_touch              100039b0 f   buttons.obj
 0001:00002a80       _button_killed             10003a80 f   buttons.obj
 0001:00002ad0       _SP_func_button            10003ad0 f   buttons.obj
 0001:00002db0       _TeamFortress_ShowIDs      10003db0 f   clan.obj
 0001:00002f20       _MatchTimer                10003f20 f   clan.obj
 0001:00003030       _UpdateServerinfoScores    10004030 f   clan.obj
 0001:000030b0       _PreMatch_Think            100040b0 f   clan.obj
 0001:00003470       _DumpClanScores            10004470 f   clan.obj
 0001:000038e0       _SP_info_intermission      100048e0 f   client.obj
 0001:00003930       _SetNewParms               10004930 f   client.obj
 0001:000039a0       _SetChangeParms            100049a0 f   client.obj
 0001:00003ae0       _autoteam_think            10004ae0 f   client.obj
 0001:00003b00       _autokick_think            10004b00 f   client.obj
 0001:00003b20       _DecodeLevelParms          10004b20 f   client.obj
 0001:00004fd0       _FindIntermission          10005fd0 f   client.obj
 0001:000050b0       _GotoNextMap               100060b0 f   client.obj
 0001:000051d0       _IntermissionThink         100061d0 f   client.obj
 0001:00005340       _execute_changelevel       10006340 f   client.obj
 0001:00005490       _changelevel_touch         10006490 f   client.obj
 0001:000055a0       _SP_trigger_changelevel    100065a0 f   client.obj
 0001:000055f0       _ClientKill                100065f0 f   client.obj
 0001:000057e0       _CheckTelefragSpot         100067e0 f   client.obj
 0001:00005920       _FindTeamSpawnPoint        10006920 f   client.obj
 0001:000059d0       _FindRandomTeamSpawnPoint  100069d0 f   client.obj
 0001:00005b80       _FindDeathmatchSpawnPoint  10006b80 f   client.obj
 0001:00005c00       _SelectSpawnPoint          10006c00 f   client.obj
 0001:00005d00       _PutClientInServer         10006d00 f   client.obj
 0001:000068e0       _ballstart                 100078e0 f   map_ents.obj
 0001:000068e0       _SP_Null_tf_spawn          100078e0 f   client.obj
 0001:00006900       _NextLevel                 10007900 f   client.obj
 0001:00006940       _CheckRules                10007940 f   client.obj
 0001:00006990       _PlayerJump                10007990 f   client.obj
 0001:00006be0       _WaterMove                 10007be0 f   client.obj
 0001:00006f70       _CheckPowerups             10007f70 f   client.obj
 0001:00007800       _PlayerPostThink           10008800 f   client.obj
 0001:00007b50       _SetClientSetting          10008b50 f   client.obj
 0001:00008160       _PrintClientSetting        10009160 f   client.obj
 0001:00008500       _Client_Set_Cmd            10009500 f   client.obj
 0001:00008590       _ParseUserInfo             10009590 f   client.obj
 0001:00008950       _ClientConnect             10009950 f   client.obj
 0001:00008c60       _ClientDisconnect          10009c60 f   client.obj
 0001:00008ef0       _ClientObituary            10009ef0 f   client.obj
 0001:0000a0c0       _respawn                   1000b0c0 f   client.obj
 0001:0000a120       _PlayerDeathThink          1000b120 f   client.obj
 0001:0000a2f0       _PlayerPreThink            1000b2f0 f   client.obj
 0001:0000a640       _monster_death_use         1000b640 f   combat.obj
 0001:0000a6a0       _CanDamage                 1000b6a0 f   combat.obj
 0001:0000aa00       _Killed                    1000ba00 f   combat.obj
 0001:0000ab10       _T_Damage                  1000bb10 f   combat.obj
 0001:0000b0e0       _TF_T_Damage               1000c0e0 f   combat.obj
 0001:0000bb60       _T_RadiusDamage            1000cb60 f   combat.obj
 0001:0000bd10       _TeamFortress_NightVision  1000cd10 f   common.obj
 0001:0000c1b0       _lay                       1000d1b0 f   common.obj
 0001:0000c200       _unlay                     1000d200 f   common.obj
 0001:0000c250       _HoloHumm                  1000d250 f   common.obj
 0001:0000c370       _HoloDood                  1000d370 f   common.obj
 0001:0000c590       _MakeHolo                  1000d590 f   common.obj
 0001:0000c5e0       _ShellHit                  1000d5e0 f   common.obj
 0001:0000c680       _EjectShell                1000d680 f   common.obj
 0001:0000cba0       _mtf_deathmsg              1000dba0 f   common.obj
 0001:0000cbc0       _s2_explode7               1000dbc0 f   common.obj
 0001:0000cc00       _s2_explode6               1000dc00 f   common.obj
 0001:0000cc40       _s2_explode5               1000dc40 f   common.obj
 0001:0000cc80       _s2_explode4               1000dc80 f   common.obj
 0001:0000ccc0       _s2_explode3               1000dcc0 f   common.obj
 0001:0000cd00       _s2_explode2               1000dd00 f   common.obj
 0001:0000cd40       _s2_explode1               1000dd40 f   common.obj
 0001:0000cd80       _make_explosion            1000dd80 f   common.obj
 0001:0000ce70       _DoorShouldOpen            1000de70 f   coop.obj
 0001:0000d020       _crc32                     1000e020 f   crc32.obj
 0001:0000d160       _TeamFortress_CTF_FlagInfo 1000e160 f   ctf.obj
 0001:0000d320       _dremove                   1000e320 f   debug.obj
 0001:0000d380       _display_location          1000e380 f   debug.obj
 0001:0000d3f0       _TeamFortress_DetonatePipebombs 1000e3f0 f   demoman.obj
 0001:0000d450       _MirvGrenadeLaunch         1000e450 f   demoman.obj
 0001:0000d660       _Detpack_SetClip           1000e660 f   demoman.obj
 0001:0000d6f0       _TeamFortress_DetpackStop  1000e6f0 f   demoman.obj
 0001:0000d7d0       _TeamFortress_DetpackExplode 1000e7d0 f   demoman.obj
 0001:0000dca0       _TeamFortress_DetpackTouch 1000eca0 f   demoman.obj
 0001:0000dce0       _TeamFortress_DetpackDisarm 1000ece0 f   demoman.obj
 0001:0000ddb0       _TeamFortress_DetpackCountDown 1000edb0 f   demoman.obj
 0001:0000def0       _MirvGrenadeExplode        1000eef0 f   demoman.obj
 0001:0000e020       _TeamFortress_DetpackSet   1000f020 f   demoman.obj
 0001:0000e3a0       _TeamFortress_SetDetpack   1000f3a0 f   demoman.obj
 0001:0000e850       _TeamFortress_Cmd_Detpack  1000f850 f   demoman.obj
 0001:0000e900       _door_hit_bottom           1000f900 f   doors.obj
 0001:0000e950       _door_go_down              1000f950 f   doors.obj
 0001:0000e9e0       _EntitiesTouching          1000f9e0 f   doors.obj
 0001:0000ea70       _fd_secret_done            1000fa70 f   doors.obj
 0001:0000eaf0       _secret_touch              1000faf0 f   doors.obj
 0001:0000eb90       _door_hit_top              1000fb90 f   doors.obj
 0001:0000ec00       _door_go_up                1000fc00 f   doors.obj
 0001:0000ec80       _door_fire                 1000fc80 f   doors.obj
 0001:0000ed70       _door_use                  1000fd70 f   doors.obj
 0001:0000edc0       _door_trigger_touch        1000fdc0 f   doors.obj
 0001:0000ee80       _door_killed               1000fe80 f   doors.obj
 0001:0000eec0       _door_touch                1000fec0 f   doors.obj
 0001:0000f190       _spawn_field               10010190 f   doors.obj
 0001:0000f390       _LinkDoors                 10010390 f   doors.obj
 0001:0000f640       _fd_secret_move6           10010640 f   doors.obj
 0001:0000f690       _door_blocked              10010690 f   doors.obj
 0001:0000f7a0       _SP_func_door              100107a0 f   doors.obj
 0001:0000fea0       _fd_secret_move5           10010ea0 f   doors.obj
 0001:0000fef0       _fd_secret_move4           10010ef0 f   doors.obj
 0001:0000ff40       _fd_secret_move3           10010f40 f   doors.obj
 0001:0000ffa0       _fd_secret_move2           10010fa0 f   doors.obj
 0001:0000fff0       _fd_secret_move1           10010ff0 f   doors.obj
 0001:00010040       _fd_secret_use             10011040 f   doors.obj
 0001:00010350       _SP_func_door_secret       10011350 f   doors.obj
 0001:00010670       _MagTimer                  10011670 f   drop1.obj
 0001:00010760       _MagMineActivate           10011760 f   drop1.obj
 0001:000108b0       _RemoveAlarmMine           100118b0 f   drop1.obj
 0001:000108e0       _RemoveAIDSMine            100118e0 f   drop1.obj
 0001:00010920       _RemoveFlashMine           10011920 f   drop1.obj
 0001:00010960       _RemoveSpikeTrap           10011960 f   drop1.obj
 0001:000109a0       _RemoveMagnetMine          100119a0 f   drop1.obj
 0001:000109e0       _AlarmMineTouch            100119e0 f   drop1.obj
 0001:00010ba0       _AIDSMineTouch             10011ba0 f   drop1.obj
 0001:00010d90       _FlashMineTouch            10011d90 f   drop1.obj
 0001:00010e70       _SpikeTrapTouch            10011e70 f   drop1.obj
 0001:00011060       _MagnetMineTouch           10012060 f   drop1.obj
 0001:00011170       _ThrowMine                 10012170 f   drop1.obj
 0001:00011470       _A_Mine                    10012470 f   drop1.obj
 0001:000114f0       _B_Mine                    100124f0 f   drop1.obj
 0001:000115b0       _C_Mine                    100125b0 f   drop1.obj
 0001:000116a0       _S_Mine                    100126a0 f   drop1.obj
 0001:00011770       _M_Mine                    10012770 f   drop1.obj
 0001:00011830       _ToasterTouch              10012830 f   drop2.obj
 0001:00011890       _ToasterElec               10012890 f   drop2.obj
 0001:000119d0       _Toaster                   100129d0 f   drop2.obj
 0001:00011c80       _Drop3                     10012c80 f   drop3.obj
 0001:00011d20       _LaserBolt_Think           10012d20 f   engineer.obj
 0001:00011e20       _LaserBolt_Touch           10012e20 f   engineer.obj
 0001:000120c0       _W_FireLaser               100130c0 f   engineer.obj
 0001:00012390       _EMPExplode                10013390 f   engineer.obj
 0001:00012580       _EMPGrenadeExplode         10013580 f   engineer.obj
 0001:00012ac0       _TeamFortress_EngineerBuild 10013ac0 f   engineer.obj
 0001:00012bf0       _CheckAreaNew              10013bf0 f   engineer.obj
 0001:00012e00       _CheckArea                 10013e00 f   engineer.obj
 0001:000130f0       _CheckBelowBuilding        100140f0 f   engineer.obj
 0001:000131d0       _DispenserThink            100141d0 f   engineer.obj
 0001:00013310       _Dispenser_Explode         10014310 f   engineer.obj
 0001:00013450       _Dispenser_Die             10014450 f   engineer.obj
 0001:000134b0       _Engineer_RotateSG         100144b0 f   engineer.obj
 0001:00013620       _CheckSentry               10014620 f   engineer.obj
 0001:000136a0       _CheckDistance             100146a0 f   engineer.obj
 0001:00013780       _DestroyBuilding           10014780 f   engineer.obj
 0001:00013910       _Engineer_RemoveBuildings  10014910 f   engineer.obj
 0001:00013960       _Eng_SGUp                  10014960 f   engineer.obj
 0001:00013a80       _Eng_DispLoad              10014a80 f   engineer.obj
 0001:00013b90       _Eng_DispUnload            10014b90 f   engineer.obj
 0001:00013c90       _Eng_SGReload              10014c90 f   engineer.obj
 0001:00013d70       _T_Dispenser               10014d70 f   engineer.obj
 0001:00013e90       _Engineer_UseDispenser     10014e90 f   engineer.obj
 0001:00013f60       _Engineer_UseSentryGun     10014f60 f   engineer.obj
 0001:00014090       _TeamFortress_FinishedBuilding 10015090 f   engineer.obj
 0001:00014af0       _TeamFortress_Build        10015af0 f   engineer.obj
 0001:00014fb0       _FlareGrenadeTouch         10015fb0 f   flare.obj
 0001:00015190       _RemoveFlare               10016190 f   flare.obj
 0001:00015200       _RemoveOldFlare            10016200 f   flare.obj
 0001:000152c0       _FlareGrenadeThink         100162c0 f   flare.obj
 0001:000153f0       _FlareGrenadeExplode       100163f0 f   flare.obj
 0001:000154d0       _ClientCommand             100164d0 f   g_cmd.obj
 0001:00015670       _ClientUserInfoChanged     10016670 f   g_cmd.obj
 0001:00015990       _Test                      10016990 f   g_cmd.obj
 0001:00015a00       _G_InitGame                10016a00 f   g_main.obj
 0001:00015ab0       _G_EdictTouch              10016ab0 f   g_main.obj
 0001:00015af0       _G_EdictThink              10016af0 f   g_main.obj
 0001:00015b30       _G_EdictBlocked            10016b30 f   g_main.obj
 0001:00015b70       _vmMain                    10016b70 f   g_main.obj
 0001:00015de0       _G_Alloc                   10016de0 f   g_mem.obj
 0001:00015e20       _ModCommand                10016e20 f   g_mod_command.obj
 0001:00015ee0       _WP_command                10016ee0 f   g_mod_command.obj
 0001:00016430       _Red_Def_command           10017430 f   g_mod_command.obj
 0001:000166e0       _G_SpawnString             100176e0 f   g_spawn.obj
 0001:00016740       _SUB_Remove                10017740 f   g_spawn.obj
 0001:00016750       _SUB_Null                  10017750 f   g_spawn.obj
 0001:00016750       _button_blocked            10017750 f   buttons.obj
 0001:00016760       _G_CallSpawn               10017760 f   g_spawn.obj
 0001:000167f0       _G_NewString               100177f0 f   g_spawn.obj
 0001:00016860       _G_ParseField              10017860 f   g_spawn.obj
 0001:000169b0       _G_SpawnGEntityFromSpawnVars 100179b0 f   g_spawn.obj
 0001:00016a20       _G_ParseSpawnVars          10017a20 f   g_spawn.obj
 0001:00016c20       _G_SpawnEntitiesFromString 10017c20 f   g_spawn.obj
 0001:00016cb0       _dllEntry                  10017cb0 f   g_syscalls.obj
 0001:00016cc0       _trap_GetApiVersion        10017cc0 f   g_syscalls.obj
 0001:00016cd0       _trap_GetEntityToken       10017cd0 f   g_syscalls.obj
 0001:00016cf0       _trap_DPrintf              10017cf0 f   g_syscalls.obj
 0001:00016d10       _trap_conprint             10017d10 f   g_syscalls.obj
 0001:00016d30       _trap_BPrint               10017d30 f   g_syscalls.obj
 0001:00016d50       _trap_SPrint               10017d50 f   g_syscalls.obj
 0001:00016d70       _trap_CenterPrint          10017d70 f   g_syscalls.obj
 0001:00016d90       _trap_Error                10017d90 f   g_syscalls.obj
 0001:00016db0       _trap_spawn                10017db0 f   g_syscalls.obj
 0001:00016dc0       _trap_remove               10017dc0 f   g_syscalls.obj
 0001:00016de0       _trap_precache_sound       10017de0 f   g_syscalls.obj
 0001:00016e00       _trap_precache_model       10017e00 f   g_syscalls.obj
 0001:00016e20       _trap_setorigin            10017e20 f   g_syscalls.obj
 0001:00016e60       _trap_setsize              10017e60 f   g_syscalls.obj
 0001:00016ec0       _trap_setmodel             10017ec0 f   g_syscalls.obj
 0001:00016ee0       _trap_ambientsound         10017ee0 f   g_syscalls.obj
 0001:00016f40       _trap_sound                10017f40 f   g_syscalls.obj
 0001:00016f80       _trap_checkclient          10017f80 f   g_syscalls.obj
 0001:00016f90       _trap_traceline            10017f90 f   g_syscalls.obj
 0001:00017000       _trap_stuffcmd             10018000 f   g_syscalls.obj
 0001:00017020       _trap_localcmd             10018020 f   g_syscalls.obj
 0001:00017040       _trap_executecmd           10018040 f   g_syscalls.obj
 0001:00017050       _trap_cvar                 10018050 f   g_syscalls.obj
 0001:00017070       _trap_cvar_set             10018070 f   g_syscalls.obj
 0001:00017090       _trap_droptofloor          10018090 f   g_syscalls.obj
 0001:000170b0       _trap_lightstyle           100180b0 f   g_syscalls.obj
 0001:000170d0       _trap_checkbottom          100180d0 f   g_syscalls.obj
 0001:000170f0       _trap_pointcontents        100180f0 f   g_syscalls.obj
 0001:00017130       _trap_nextent              10018130 f   g_syscalls.obj
 0001:00017150       _trap_find                 10018150 f   g_syscalls.obj
 0001:00017170       _trap_makestatic           10018170 f   g_syscalls.obj
 0001:00017190       _trap_changelevel          10018190 f   g_syscalls.obj
 0001:000171b0       _trap_multicast            100181b0 f   g_syscalls.obj
 0001:000171f0       _trap_logfrag              100181f0 f   g_syscalls.obj
 0001:00017210       _trap_infokey              10018210 f   g_syscalls.obj
 0001:00017230       _trap_WriteByte            10018230 f   g_syscalls.obj
 0001:00017250       _trap_WriteAngle           10018250 f   g_syscalls.obj
 0001:00017270       _trap_WriteCoord           10018270 f   g_syscalls.obj
 0001:00017290       _trap_WriteString          10018290 f   g_syscalls.obj
 0001:000172b0       _trap_WriteEntity          100182b0 f   g_syscalls.obj
 0001:000172d0       _trap_FlushSignon          100182d0 f   g_syscalls.obj
 0001:000172e0       _trap_disableupdates       100182e0 f   g_syscalls.obj
 0001:00017300       _trap_CmdArgc              10018300 f   g_syscalls.obj
 0001:00017310       _trap_CmdArgv              10018310 f   g_syscalls.obj
 0001:00017330       _trap_TraceCapsule         10018330 f   g_syscalls.obj
 0001:000173f0       _trap_AddBot               100183f0 f   g_syscalls.obj
 0001:00017410       _trap_RemoveBot            10018410 f   g_syscalls.obj
 0001:00017430       _trap_SetBotUserInfo       10018430 f   g_syscalls.obj
 0001:00017450       _trap_SetBotCMD            10018450 f   g_syscalls.obj
 0001:000174b0       _GetInfokeyString          100184b0 f   g_tf_utils.obj
 0001:00017510       _GetInfokeyInt             10018510 f   g_tf_utils.obj
 0001:000175c0       _GetSVInfokeyString        100185c0 f   g_tf_utils.obj
 0001:00017630       _GetSVInfokeyInt           10018630 f   g_tf_utils.obj
 0001:000176c0       _GetSVInfokeyFloat         100186c0 f   g_tf_utils.obj
 0001:00017780       _KickPlayer                10018780 f   g_tf_utils.obj
 0001:000177c0       _muzzleflash               100187c0 f   g_tf_utils.obj
 0001:00017810       _visible                   10018810 f   g_tf_utils.obj
 0001:00017910       _range                     10018910 f   g_tf_utils.obj
 0001:00017a00       _infront                   10018a00 f   g_tf_utils.obj
 0001:00017ab0       _g_random                  10018ab0 f   g_utils.obj
 0001:00017ad0       _crandom                   10018ad0 f   g_utils.obj
 0001:00017b00       _rint                      10018b00 f   g_utils.obj
 0001:00017b30       _normalize                 10018b30 f   g_utils.obj
 0001:00017bb0       _aim                       10018bb0 f   g_utils.obj
 0001:00017bd0       _streq                     10018bd0 f   g_utils.obj
 0001:00017c30       _strneq                    10018c30 f   g_utils.obj
 0001:00017c80       _VectorLength              10018c80 f   mathlib.obj
 0001:00017c80       _vlen                      10018c80 f   g_utils.obj
 0001:00017cc0       _vectoyaw                  10018cc0 f   g_utils.obj
 0001:00017d30       _vectoangles               10018d30 f   g_utils.obj
 0001:00017e40       _changeyaw                 10018e40 f   g_utils.obj
 0001:00017f50       _makevectors               10018f50 f   g_utils.obj
 0001:00017f70       _G_dprintf                 10018f70 f   g_utils.obj
 0001:00017fd0       _G_conprintf               10018fd0 f   g_utils.obj
 0001:00018030       _G_Error                   10019030 f   g_utils.obj
 0001:00018090       _G_bprint                  10019090 f   g_utils.obj
 0001:000180f0       _localcmd                  100190f0 f   g_utils.obj
 0001:00018150       _checkclient               10019150 f   g_utils.obj
 0001:00018170       _NUM_FOR_EDICT             10019170 f   g_utils.obj
 0001:000181b0       _spawn                     100191b0 f   g_utils.obj
 0001:000181e0       _ent_remove                100191e0 f   g_utils.obj
 0001:00018240       _nextent                   10019240 f   g_utils.obj
 0001:000182b0       _findradius                100192b0 f   g_utils.obj
 0001:000183c0       _G_sprint                  100193c0 f   g_utils.obj
 0001:00018460       _G_centerprint             10019460 f   g_utils.obj
 0001:00018500       _stuffcmd                  10019500 f   g_utils.obj
 0001:000185a0       _setorigin                 100195a0 f   g_utils.obj
 0001:00018600       _setsize                   10019600 f   g_utils.obj
 0001:00018680       _setmodel                  10019680 f   g_utils.obj
 0001:000186d0       _sound                     100196d0 f   g_utils.obj
 0001:00018730       _traceline                 10019730 f   g_utils.obj
 0001:000187b0       _TraceCapsule              100197b0 f   g_utils.obj
 0001:00018860       _droptofloor               10019860 f   g_utils.obj
 0001:000188a0       _checkbottom               100198a0 f   g_utils.obj
 0001:000188e0       _makestatic                100198e0 f   g_utils.obj
 0001:00018920       _logfrag                   10019920 f   g_utils.obj
 0001:000189a0       _infokey                   100199a0 f   g_utils.obj
 0001:000189f0       _WriteEntity               100199f0 f   g_utils.obj
 0001:00018a40       _disableupdates            10019a40 f   g_utils.obj
 0001:00018a90       _Reset_Grapple             10019a90 f   hook.obj
 0001:00018b00       _Reset_My_Grapple          10019b00 f   hook.obj
 0001:00018b70       _Grapple_Track             10019b70 f   hook.obj
 0001:00018c20       _MakeLink                  10019c20 f   hook.obj
 0001:00018d00       _Remove_Chain              10019d00 f   hook.obj
 0001:00018d70       _Update_Chain              10019d70 f   hook.obj
 0001:00018f90       _Build_Chain               10019f90 f   hook.obj
 0001:00019000       _Check_Overhead            1001a000 f   hook.obj
 0001:000193b0       _Anchor_Grapple            1001a3b0 f   hook.obj
 0001:000196c0       _Throw_Grapple             1001a6c0 f   hook.obj
 0001:000198e0       _Service_Grapple           1001a8e0 f   hook.obj
 0001:00019ac0       _SUB_regen                 1001aac0 f   items.obj
 0001:00019b30       _SP_noclass                1001ab30 f   items.obj
 0001:00019b70       _PlaceItem                 1001ab70 f   items.obj
 0001:00019c40       _T_Heal                    1001ac40 f   items.obj
 0001:00019dd0       _item_megahealth_rot       1001add0 f   items.obj
 0001:00019eb0       _armor_touch               1001aeb0 f   items.obj
 0001:0001a320       _SP_item_armor1            1001b320 f   items.obj
 0001:0001a3e0       _SP_item_armor2            1001b3e0 f   items.obj
 0001:0001a4a0       _SP_item_armorInv          1001b4a0 f   items.obj
 0001:0001a560       _bound_other_ammo          1001b560 f   items.obj
 0001:0001a790       _Respawn_Item              1001b790 f   items.obj
 0001:0001a830       _weapon_touch              1001b830 f   items.obj
 0001:0001ab30       _SP_weapon_supershotgun    1001bb30 f   items.obj
 0001:0001ac00       _SP_weapon_nailgun         1001bc00 f   items.obj
 0001:0001acd0       _SP_weapon_supernailgun    1001bcd0 f   items.obj
 0001:0001ada0       _SP_weapon_grenadelauncher 1001bda0 f   items.obj
 0001:0001ae70       _SP_weapon_rocketlauncher  1001be70 f   items.obj
 0001:0001af40       _SP_weapon_lightning       1001bf40 f   items.obj
 0001:0001b010       _GetGrenadePossibility     1001c010 f   items.obj
 0001:0001b150       _ammo_touch                1001c150 f   items.obj
 0001:0001b450       _SP_item_shells            1001c450 f   items.obj
 0001:0001b570       _SP_item_spikes            1001c570 f   items.obj
 0001:0001b690       _SP_item_rockets           1001c690 f   items.obj
 0001:0001b7b0       _SP_item_cells             1001c7b0 f   items.obj
 0001:0001b8d0       _SP_item_weapon            1001c8d0 f   items.obj
 0001:0001bb10       _key_touch                 1001cb10 f   items.obj
 0001:0001bc90       _SP_item_key1              1001cc90 f   items.obj
 0001:0001bde0       _SP_item_key2              1001cde0 f   items.obj
 0001:0001bf30       _sigil_touch               1001cf30 f   items.obj
 0001:0001c070       _SP_item_sigil             1001d070 f   items.obj
 0001:0001c210       _powerup_touch             1001d210 f   items.obj
 0001:0001c530       _SP_item_artifact_invulnerability 1001d530 f   items.obj
 0001:0001c660       _SP_item_artifact_envirosuit 1001d660 f   items.obj
 0001:0001c750       _SP_item_artifact_invisibility 1001d750 f   items.obj
 0001:0001c850       _SP_item_artifact_super_damage 1001d850 f   items.obj
 0001:0001c990       _BackpackTouch             1001d990 f   items.obj
 0001:0001cf80       _DropBackpack              1001df80 f   items.obj
 0001:0001d260       _health_touch              1001e260 f   items.obj
 0001:0001d5f0       _SP_item_health            1001e5f0 f   items.obj
 0001:0001d7a0       _trigger_jumper_touch      1001e7a0 f   map_ents.obj
 0001:0001d920       _trigger_jumper            1001e920 f   map_ents.obj
 0001:0001d980       _blocker_use               1001e980 f   map_ents.obj
 0001:0001da80       _glass_pain                1001ea80 f   map_ents.obj
 0001:0001dab0       _glass_die                 1001eab0 f   map_ents.obj
 0001:0001ddd0       _func_glass                1001edd0 f   map_ents.obj
 0001:0001e260       _ambient_sound             1001f260 f   map_ents.obj
 0001:0001e330       _BallTouch                 1001f330 f   map_ents.obj
 0001:0001e4c0       _BallCheck                 1001f4c0 f   map_ents.obj
 0001:0001e500       _BallStart                 1001f500 f   map_ents.obj
 0001:0001e5e0       _ball                      1001f5e0 f   map_ents.obj
 0001:0001e6f0       _GoalTouch                 1001f6f0 f   map_ents.obj
 0001:0001e8b0       _sandball_goal             1001f8b0 f   map_ents.obj
 0001:0001e990       _anglemod                  1001f990 f   mathlib.obj
 0001:0001e9c0       _AngleVectors              1001f9c0 f   mathlib.obj
 0001:0001eaf0       _VectorCompare             1001faf0 f   mathlib.obj
 0001:0001eb30       _VectorCompareF            1001fb30 f   mathlib.obj
 0001:0001eb70       _VectorNormalize           1001fb70 f   mathlib.obj
 0001:0001ebe0       _VectorScale               1001fbe0 f   mathlib.obj
 0001:0001ec10       _Player_Menu               1001fc10 f   menu.obj
 0001:0001ed00       _ResetMenu                 1001fd00 f   menu.obj
 0001:0001ed70       _Menu_Input                1001fd70 f   menu.obj
 0001:0001edd0       _Menu_Team                 1001fdd0 f   menu.obj
 0001:0001eeb0       _Menu_Team_Input           1001feb0 f   menu.obj
 0001:0001ef10       _Menu_Class                1001ff10 f   menu.obj
 0001:0001f030       _Menu_Class_Input          10020030 f   menu.obj
 0001:0001f0c0       _Menu_Drop                 100200c0 f   menu.obj
 0001:0001f0f0       _Menu_Drop_Input           100200f0 f   menu.obj
 0001:0001f140       _Menu_Intro                10020140 f   menu.obj
 0001:0001f200       _Menu_ClassHelp            10020200 f   menu.obj
 0001:0001f2c0       _Menu_ClassHelp2           100202c0 f   menu.obj
 0001:0001f310       _Menu_RepeatHelp           10020310 f   menu.obj
 0001:0001f340       _Menu_Engineer             10020340 f   menu.obj
 0001:0001f410       _Menu_Engineer_Input       10020410 f   menu.obj
 0001:0001f5c0       _Menu_EngineerFix_Dispenser 100205c0 f   menu.obj
 0001:0001f5e0       _Menu_EngineerFix_Dispenser_Input 100205e0 f   menu.obj
 0001:0001faf0       _Menu_EngineerFix_SentryGun 10020af0 f   menu.obj
 0001:0001fb90       _Menu_EngineerFix_SentryGun_Input 10020b90 f   menu.obj
 0001:00020220       _Menu_Dispenser            10021220 f   menu.obj
 0001:00020240       _Menu_Dispenser_Input      10021240 f   menu.obj
 0001:00020aa0       _Menu_Spy                  10021aa0 f   menu.obj
 0001:00020b40       _Menu_Spy_Skin             10021b40 f   menu.obj
 0001:00020b60       _Menu_Spy_Skin_Input       10021b60 f   menu.obj
 0001:00020b90       _Menu_Spy_Color            10021b90 f   menu.obj
 0001:00020c20       _Menu_Spy_Color_Input      10021c20 f   menu.obj
 0001:00020c50       _Menu_NULL                 10021c50 f   menu.obj
 0001:00020c60       _BirthdayTimer             10021c60 f   menu.obj
 0001:00020e10       _Menu_BirthDay             10021e10 f   menu.obj
 0001:00020e50       _Menu_BirthDay_Input       10021e50 f   menu.obj
 0001:00020f80       _TG_Main_Menu              10021f80 f   menu.obj
 0001:00020fa0       _TG_Main_Menu_Input        10021fa0 f   menu.obj
 0001:00021060       _TG_SGOptions_Menu         10022060 f   menu.obj
 0001:00021160       _TG_SGOptions_Menu_Input   10022160 f   menu.obj
 0001:00021270       _TG_SG_Fire_Menu           10022270 f   menu.obj
 0001:000212e0       _TG_SG_Fire_Menu_Input     100222e0 f   menu.obj
 0001:00021390       _TG_Detpack_Menu           10022390 f   menu.obj
 0001:00021410       _TG_Detpack_Menu_Input     10022410 f   menu.obj
 0001:000214d0       _TG_Cheats_Menu            100224d0 f   menu.obj
 0001:00021580       _TG_Cheats_Menu_Input      10022580 f   menu.obj
 0001:00021670       _TG_SavePosition_Menu      10022670 f   menu.obj
 0001:000216c0       _TG_SavePosition_Menu_Input 100226c0 f   menu.obj
 0001:00021a50       _Menu_DropStuff            10022a50 f   menu.obj
 0001:00021a70       _Menu_DropStuff_Input      10022a70 f   menu.obj
 0001:00021c20       _Menu_Taunt                10022c20 f   menu.obj
 0001:00021c40       _Menu_Yell                 10022c40 f   menu.obj
 0001:00021c60       _Menu_Taunt_Input          10022c60 f   menu.obj
 0001:00021e00       _Menu_Yell_Input           10022e00 f   menu.obj
 0001:00022020       _Menu_ClassHelp_Input      10023020 f   menu.obj
 0001:00022070       _Menu_Spy_Input            10023070 f   menu.obj
 0001:000221f0       _light_use                 100231f0 f   misc.obj
 0001:00022260       _SP_light                  10023260 f   misc.obj
 0001:000222e0       _SP_light_fluoro           100232e0 f   misc.obj
 0001:000223a0       _SP_light_fluorospark      100233a0 f   misc.obj
 0001:00022420       _SP_light_globe            10023420 f   misc.obj
 0001:00022470       _FireAmbient               10023470 f   misc.obj
 0001:000224c0       _SP_light_torch_small_walltorch 100234c0 f   misc.obj
 0001:00022510       _SP_light_flame_large_yellow 10023510 f   misc.obj
 0001:00022570       _SP_light_flame_small_white 10023570 f   misc.obj
 0001:00022570       _SP_light_flame_small_yellow 10023570 f   misc.obj
 0001:000225c0       _fire_touch                100235c0 f   misc.obj
 0001:00022600       _barrel_explode            10023600 f   misc.obj
 0001:000226f0       _SP_misc_explobox          100236f0 f   misc.obj
 0001:00022840       _SP_misc_explobox2         10023840 f   misc.obj
 0001:00022990       _Laser_Touch               10023990 f   misc.obj
 0001:00022b70       _LaunchLaser               10023b70 f   misc.obj
 0001:00022cf0       _spikeshooter_use          10023cf0 f   misc.obj
 0001:00022dc0       _shooter_think             10023dc0 f   misc.obj
 0001:00022e10       _SP_trap_spikeshooter      10023e10 f   misc.obj
 0001:00022e80       _SP_trap_shooter           10023e80 f   misc.obj
 0001:00022ef0       _SP_air_bubbles            10023ef0 f   misc.obj
 0001:00022f20       _bubble_remove             10023f20 f   misc.obj
 0001:00022f60       _func_wall_use             10023f60 f   misc.obj
 0001:00022f80       _SP_func_wall              10023f80 f   misc.obj
 0001:00023010       _SP_func_illusionary       10024010 f   misc.obj
 0001:00023090       _SP_func_episodegate       10024090 f   misc.obj
 0001:00023140       _SP_func_bossgate          10024140 f   misc.obj
 0001:000231e0       _SP_ambient_suck_wind      100241e0 f   misc.obj
 0001:00023250       _SP_ambient_drone          10024250 f   misc.obj
 0001:000232c0       _SP_ambient_flouro_buzz    100242c0 f   misc.obj
 0001:00023330       _SP_ambient_drip           10024330 f   misc.obj
 0001:000233a0       _SP_ambient_comp_hum       100243a0 f   misc.obj
 0001:00023410       _SP_ambient_thunder        10024410 f   misc.obj
 0001:00023480       _SP_ambient_light_buzz     10024480 f   misc.obj
 0001:000234f0       _SP_ambient_swamp1         100244f0 f   misc.obj
 0001:00023560       _SP_ambient_swamp2         10024560 f   misc.obj
 0001:000235d0       _noise_think               100245d0 f   misc.obj
 0001:000236d0       _SP_misc_noisemaker        100246d0 f   misc.obj
 0001:00023780       _fire_fly                  10024780 f   misc.obj
 0001:000238c0       _bubble_split              100248c0 f   misc.obj
 0001:00023a00       _bubble_bob                10024a00 f   misc.obj
 0001:00023bb0       _SP_misc_fireball          10024bb0 f   misc.obj
 0001:00023c40       _BalloonMIRVtouch          10024c40 f   mtf_demoman.obj
 0001:00023ce0       _BalloonMirvGrenadeLaunch  10024ce0 f   mtf_demoman.obj
 0001:00023e80       _BalloonMIRVpop            10024e80 f   mtf_demoman.obj
 0001:00023f30       _BalloonMIRVnoise          10024f30 f   mtf_demoman.obj
 0001:00023fd0       _BalloonMIRV               10024fd0 f   mtf_demoman.obj
 0001:000242f0       _Drone_Laser_Touch         100252f0 f   mtf_engineer.obj
 0001:000244a0       _DroneLaunchLaser          100254a0 f   mtf_engineer.obj
 0001:00024670       _DroneDoneTouch            10025670 f   mtf_engineer.obj
 0001:000246b0       _DroneDie                  100256b0 f   mtf_engineer.obj
 0001:00024790       _DroneFall                 10025790 f   mtf_engineer.obj
 0001:00024890       _DroneJet                  10025890 f   mtf_engineer.obj
 0001:00024b60       _Drone                     10025b60 f   mtf_engineer.obj
 0001:00024f10       _BigAssBullet              10025f10 f   mtf_hwguy.obj
 0001:00025130       _W_FireBigAss              10026130 f   mtf_hwguy.obj
 0001:00025330       _HealSelf                  10026330 f   mtf_medic.obj
 0001:00025790       _RemoveLavaPool            10026790 f   mtf_pyro.obj
 0001:000257f0       _LavaTouch                 100267f0 f   mtf_pyro.obj
 0001:00025970       _LavaBallTouch             10026970 f   mtf_pyro.obj
 0001:00025a40       _LavaBecome                10026a40 f   mtf_pyro.obj
 0001:00025b80       _LavaPool                  10026b80 f   mtf_pyro.obj
 0001:00025e00       _TeamFortress_DetpackDisarmTrigger 10026e00 f   mtf_scout.obj
 0001:00026060       _DetpackDisarm             10027060 f   mtf_scout.obj
 0001:00026110       _SuperLeap                 10027110 f   mtf_scout.obj
 0001:00026250       _FlashGrenadeExplode2      10027250 f   mtf_scout.obj
 0001:000263d0       _MushroomFlame             100273d0 f   mtf_sniper.obj
 0001:00026500       _AirStrike_Explode         10027500 f   mtf_sniper.obj
 0001:00026690       _AirStrike                 10027690 f   mtf_sniper.obj
 0001:000266f0       _AirStrike_FlyBy           100276f0 f   mtf_sniper.obj
 0001:00026750       _AirStrike_Target          10027750 f   mtf_sniper.obj
 0001:00026860       _Prox_Disarm               10027860 f   mtf_soldier.obj
 0001:000268e0       _ProxiDie                  100278e0 f   mtf_soldier.obj
 0001:00026960       _FoundBastard              10027960 f   mtf_soldier.obj
 0001:00026b70       _ProxArmed                 10027b70 f   mtf_soldier.obj
 0001:00026da0       _ProxAttach                10027da0 f   mtf_soldier.obj
 0001:00026e00       _OneProx                   10027e00 f   mtf_soldier.obj
 0001:00026ea0       _Prox                      10027ea0 f   mtf_soldier.obj
 0001:00027490       _SpyPackRemove             10028490 f   mtf_spy.obj
 0001:000274c0       _SpyPackTouch              100284c0 f   mtf_spy.obj
 0001:00027600       _SpyPack                   10028600 f   mtf_spy.obj
 0001:000278c0       _Mega_ClientObituary       100288c0 f   obituary.obj
 0001:00028af0       _plat_hit_bottom           10029af0 f   plats.obj
 0001:00028b30       _plat_go_down              10029b30 f   plats.obj
 0001:00028b90       _plat_trigger_use          10029b90 f   plats.obj
 0001:00028bb0       _plat_use                  10029bb0 f   plats.obj
 0001:00028be0       _secret_blocked            10029be0 f   doors.obj
 0001:00028be0       _train_blocked             10029be0 f   plats.obj
 0001:00028c30       _train_wait                10029c30 f   plats.obj
 0001:00028cb0       _train_next                10029cb0 f   plats.obj
 0001:00028dc0       _func_train_find           10029dc0 f   plats.obj
 0001:00028ea0       _plat_hit_top              10029ea0 f   plats.obj
 0001:00028f00       _plat_go_up                10029f00 f   plats.obj
 0001:00028f60       _plat_center_touch         10029f60 f   plats.obj
 0001:00029030       _plat_crush                1002a030 f   plats.obj
 0001:00029140       _train_use                 1002a140 f   plats.obj
 0001:00029160       _SP_func_train             1002a160 f   plats.obj
 0001:00029380       _SP_misc_teleporttrain     1002a380 f   plats.obj
 0001:00029550       _plat_spawn_inside_trigger 1002a550 f   plats.obj
 0001:000297d0       _SP_func_plat              1002a7d0 f   plats.obj
 0001:00029b40       _player_touch              1002ab40 f   player.obj
 0001:00029e50       _player_stand1             1002ae50 f   player.obj
 0001:00029fd0       _player_run                1002afd0 f   player.obj
 0001:0002a330       _player_shot6              1002b330 f   player.obj
 0001:0002a330       _player_autorifle3         1002b330 f   player.obj
 0001:0002a380       _player_axec4              1002b380 f   player.obj
 0001:0002a380       _player_bioweaponc4        1002b380 f   player.obj
 0001:0002a380       _player_medikitc4          1002b380 f   player.obj
 0001:0002a3d0       _player_bioweaponb4        1002b3d0 f   player.obj
 0001:0002a3d0       _player_medikitb4          1002b3d0 f   player.obj
 0001:0002a3d0       _player_axeb4              1002b3d0 f   player.obj
 0001:0002a420       _player_medikit4           1002b420 f   player.obj
 0001:0002a420       _player_axe4               1002b420 f   player.obj
 0001:0002a420       _player_bioweapon4         1002b420 f   player.obj
 0001:0002a470       _player_medikitd4          1002b470 f   player.obj
 0001:0002a470       _player_axed4              1002b470 f   player.obj
 0001:0002a470       _player_bioweapond4        1002b470 f   player.obj
 0001:0002a4c0       _player_mtf_nail1          1002b4c0 f   player.obj
 0001:0002a570       _player_mtf_nail2          1002b570 f   player.obj
 0001:0002a610       _player_assaultcannondown1 1002b610 f   player.obj
 0001:0002a7c0       _player_light1             1002b7c0 f   player.obj
 0001:0002a880       _player_light2             1002b880 f   player.obj
 0001:0002a940       _player_rocket6            1002b940 f   player.obj
 0001:0002a990       _player_pain6              1002b990 f   player.obj
 0001:0002a9d0       _player_axpain6            1002b9d0 f   player.obj
 0001:0002aa10       _DeathBubblesSpawn         1002ba10 f   player.obj
 0001:0002abc0       _DeathBubbles              1002bbc0 f   player.obj
 0001:0002ac50       _DeathSound                1002bc50 f   player.obj
 0001:0002ad90       _VelocityForDamage         1002bd90 f   player.obj
 0001:0002ae30       _ThrowGib                  1002be30 f   player.obj
 0001:0002b000       _ThrowHead                 1002c000 f   player.obj
 0001:0002b160       _HeadShotThrowHead         1002c160 f   player.obj
 0001:0002b2c0       _KillPlayer                1002c2c0 f   player.obj
 0001:0002b2e0       _set_suicide_frame         1002c2e0 f   player.obj
 0001:0002b350       _player_diea11             1002c350 f   player.obj
 0001:0002b3a0       _player_dieb9              1002c3a0 f   player.obj
 0001:0002b3f0       _player_diec15             1002c3f0 f   player.obj
 0001:0002b440       _player_died9              1002c440 f   player.obj
 0001:0002b490       _player_diee9              1002c490 f   player.obj
 0001:0002b4e0       _player_die_ax9            1002c4e0 f   player.obj
 0001:0002b530       _Headless_Think            1002c530 f   player.obj
 0001:0002b5c0       _player_shot5              1002c5c0 f   player.obj
 0001:0002b610       _player_autorifle2         1002c610 f   player.obj
 0001:0002b660       _player_axe3               1002c660 f   player.obj
 0001:0002b6d0       _player_axeb3              1002c6d0 f   player.obj
 0001:0002b740       _player_axec3              1002c740 f   player.obj
 0001:0002b7b0       _player_axed3              1002c7b0 f   player.obj
 0001:0002b820       _player_chain3             1002c820 f   player.obj
 0001:0002b8e0       _player_chain4             1002c8e0 f   player.obj
 0001:0002b9a0       _player_medikit3           1002c9a0 f   player.obj
 0001:0002b9f0       _player_medikitb3          1002c9f0 f   player.obj
 0001:0002ba40       _player_medikitc3          1002ca40 f   player.obj
 0001:0002ba90       _player_medikitd3          1002ca90 f   player.obj
 0001:0002bae0       _player_bioweapon3         1002cae0 f   player.obj
 0001:0002bb30       _player_bioweaponb3        1002cb30 f   player.obj
 0001:0002bb80       _player_bioweaponc3        1002cb80 f   player.obj
 0001:0002bbd0       _player_bioweapond3        1002cbd0 f   player.obj
 0001:0002bc20       _player_assaultcannon1     1002cc20 f   player.obj
 0001:0002bd50       _player_assaultcannon2     1002cd50 f   player.obj
 0001:0002be80       _player_rocket5            1002ce80 f   player.obj
 0001:0002bed0       _PainSound                 1002ced0 f   player.obj
 0001:0002c200       _player_pain5              1002d200 f   player.obj
 0001:0002c240       _player_axpain5            1002d240 f   player.obj
 0001:0002c280       _GibPlayer                 1002d280 f   player.obj
 0001:0002c5e0       _player_diea10             1002d5e0 f   player.obj
 0001:0002c620       _player_dieb8              1002d620 f   player.obj
 0001:0002c660       _player_diec14             1002d660 f   player.obj
 0001:0002c6a0       _player_died8              1002d6a0 f   player.obj
 0001:0002c6e0       _player_diee8              1002d6e0 f   player.obj
 0001:0002c720       _player_die_ax8            1002d720 f   player.obj
 0001:0002c760       _player_shot4              1002d760 f   player.obj
 0001:0002c7b0       _player_autorifle1         1002d7b0 f   player.obj
 0001:0002c800       _player_axe2               1002d800 f   player.obj
 0001:0002c850       _player_axeb2              1002d850 f   player.obj
 0001:0002c8a0       _player_axec2              1002d8a0 f   player.obj
 0001:0002c8f0       _player_axed2              1002d8f0 f   player.obj
 0001:0002c940       _player_chain2a            1002d940 f   player.obj
 0001:0002c990       _player_medikit2           1002d990 f   player.obj
 0001:0002c9e0       _player_medikitb2          1002d9e0 f   player.obj
 0001:0002ca30       _player_medikitc2          1002da30 f   player.obj
 0001:0002ca80       _player_medikitd2          1002da80 f   player.obj
 0001:0002cad0       _player_bioweapon2         1002dad0 f   player.obj
 0001:0002cb20       _player_bioweaponb2        1002db20 f   player.obj
 0001:0002cb70       _player_bioweaponc2        1002db70 f   player.obj
 0001:0002cbc0       _player_bioweapond2        1002dbc0 f   player.obj
 0001:0002cc10       _player_assaultcannonup1   1002dc10 f   player.obj
 0001:0002cdc0       _player_assaultcannonup2   1002ddc0 f   player.obj
 0001:0002cf70       _player_rocket4            1002df70 f   player.obj
 0001:0002cfc0       _player_pain4              1002dfc0 f   player.obj
 0001:0002d000       _player_axpain4            1002e000 f   player.obj
 0001:0002d040       _player_diea9              1002e040 f   player.obj
 0001:0002d080       _player_dieb7              1002e080 f   player.obj
 0001:0002d0c0       _player_diec13             1002e0c0 f   player.obj
 0001:0002d100       _player_died7              1002e100 f   player.obj
 0001:0002d140       _player_diee7              1002e140 f   player.obj
 0001:0002d180       _player_die_ax7            1002e180 f   player.obj
 0001:0002d1c0       _player_shot3              1002e1c0 f   player.obj
 0001:0002d210       _player_axe1               1002e210 f   player.obj
 0001:0002d260       _player_axeb1              1002e260 f   player.obj
 0001:0002d2b0       _player_axec1              1002e2b0 f   player.obj
 0001:0002d300       _player_axed1              1002e300 f   player.obj
 0001:0002d350       _player_chain2             1002e350 f   player.obj
 0001:0002d3a0       _player_medikit1           1002e3a0 f   player.obj
 0001:0002d3f0       _player_medikitb1          1002e3f0 f   player.obj
 0001:0002d440       _player_medikitc1          1002e440 f   player.obj
 0001:0002d490       _player_medikitd1          1002e490 f   player.obj
 0001:0002d4e0       _player_bioweapon1         1002e4e0 f   player.obj
 0001:0002d530       _player_bioweaponb1        1002e530 f   player.obj
 0001:0002d580       _player_bioweaponc1        1002e580 f   player.obj
 0001:0002d5d0       _player_bioweapond1        1002e5d0 f   player.obj
 0001:0002d620       _player_rocket3            1002e620 f   player.obj
 0001:0002d670       _player_pain3              1002e670 f   player.obj
 0001:0002d6b0       _player_axpain3            1002e6b0 f   player.obj
 0001:0002d6f0       _player_diea8              1002e6f0 f   player.obj
 0001:0002d730       _player_dieb6              1002e730 f   player.obj
 0001:0002d770       _player_diec12             1002e770 f   player.obj
 0001:0002d7b0       _player_died6              1002e7b0 f   player.obj
 0001:0002d7f0       _player_diee6              1002e7f0 f   player.obj
 0001:0002d830       _player_die_ax6            1002e830 f   player.obj
 0001:0002d870       _player_shot2              1002e870 f   player.obj
 0001:0002d8c0       _player_chain1a            1002e8c0 f   player.obj
 0001:0002d910       _player_rocket2            1002e910 f   player.obj
 0001:0002d960       _player_pain2              1002e960 f   player.obj
 0001:0002d9a0       _player_axpain2            1002e9a0 f   player.obj
 0001:0002d9e0       _player_diea7              1002e9e0 f   player.obj
 0001:0002da20       _player_dieb5              1002ea20 f   player.obj
 0001:0002da60       _player_diec11             1002ea60 f   player.obj
 0001:0002daa0       _player_died5              1002eaa0 f   player.obj
 0001:0002dae0       _player_diee5              1002eae0 f   player.obj
 0001:0002db20       _player_die_ax5            1002eb20 f   player.obj
 0001:0002db60       _player_shot1              1002eb60 f   player.obj
 0001:0002dbb0       _player_chain1             1002ebb0 f   player.obj
 0001:0002dc00       _player_rocket1            1002ec00 f   player.obj
 0001:0002dc50       _player_pain1              1002ec50 f   player.obj
 0001:0002dca0       _player_axpain1            1002eca0 f   player.obj
 0001:0002dcf0       _player_pain               1002ecf0 f   player.obj
 0001:0002dd70       _player_diea6              1002ed70 f   player.obj
 0001:0002ddb0       _player_dieb4              1002edb0 f   player.obj
 0001:0002ddf0       _player_diec10             1002edf0 f   player.obj
 0001:0002de30       _player_died4              1002ee30 f   player.obj
 0001:0002de70       _player_diee4              1002ee70 f   player.obj
 0001:0002deb0       _player_die_ax4            1002eeb0 f   player.obj
 0001:0002def0       _player_diea5              1002eef0 f   player.obj
 0001:0002df30       _player_dieb3              1002ef30 f   player.obj
 0001:0002df70       _player_diec9              1002ef70 f   player.obj
 0001:0002dfb0       _player_died3              1002efb0 f   player.obj
 0001:0002dff0       _player_diee3              1002eff0 f   player.obj
 0001:0002e030       _player_die_ax3            1002f030 f   player.obj
 0001:0002e070       _player_diea4              1002f070 f   player.obj
 0001:0002e0b0       _player_dieb2              1002f0b0 f   player.obj
 0001:0002e0f0       _player_diec8              1002f0f0 f   player.obj
 0001:0002e130       _player_died2              1002f130 f   player.obj
 0001:0002e170       _player_diee2              1002f170 f   player.obj
 0001:0002e1b0       _player_die_ax2            1002f1b0 f   player.obj
 0001:0002e1f0       _player_diea3              1002f1f0 f   player.obj
 0001:0002e230       _player_dieb1              1002f230 f   player.obj
 0001:0002e270       _player_diec7              1002f270 f   player.obj
 0001:0002e2b0       _player_died1              1002f2b0 f   player.obj
 0001:0002e2f0       _player_diee1              1002f2f0 f   player.obj
 0001:0002e330       _player_diea2              1002f330 f   player.obj
 0001:0002e370       _player_diec6              1002f370 f   player.obj
 0001:0002e3b0       _player_diea1              1002f3b0 f   player.obj
 0001:0002e3f0       _player_diec5              1002f3f0 f   player.obj
 0001:0002e430       _player_diec4              1002f430 f   player.obj
 0001:0002e470       _player_diec3              1002f470 f   player.obj
 0001:0002e4b0       _player_diec2              1002f4b0 f   player.obj
 0001:0002e4f0       _player_diec1              1002f4f0 f   player.obj
 0001:0002e530       _PlayerDie                 1002f530 f   player.obj
 0001:0002e950       _RemoveFlameFromQueue      1002f950 f   pyro.obj
 0001:0002ea00       _Remove                    1002fa00 f   pyro.obj
 0001:0002ea20       _NapalmGrenadeFollow       1002fa20 f   pyro.obj
 0001:0002eb10       _ConcussionGrenadeTouch    1002fb10 f   scout.obj
 0001:0002eb10       _PipebombTouch             1002fb10 f   demoman.obj
 0001:0002eb10       _FlashGrenadeTouch         1002fb10 f   scout.obj
 0001:0002eb10       _MirvGrenadeTouch          1002fb10 f   demoman.obj
 0001:0002eb10       _EMPGrenadeTouch           1002fb10 f   engineer.obj
 0001:0002eb10       _GasGrenadeTouch           1002fb10 f   spy.obj
 0001:0002eb10       _NapalmGrenadeTouch        1002fb10 f   pyro.obj
 0001:0002eb80       _FlameFollow               1002fb80 f   pyro.obj
 0001:0002ef90       _QW_Flame_ResetTouch       1002ff90 f   pyro.obj
 0001:0002efd0       _NewBubbles                1002ffd0 f   pyro.obj
 0001:0002f070       _FlameSpawn                10030070 f   pyro.obj
 0001:0002f280       _OnPlayerFlame_touch       10030280 f   pyro.obj
 0001:0002f470       _WorldFlame_touch          10030470 f   pyro.obj
 0001:0002f710       _Flamer_stream_touch       10030710 f   pyro.obj
 0001:0002fb00       _Napalm_touch              10030b00 f   pyro.obj
 0001:0002fec0       _W_FireFlame               10030ec0 f   pyro.obj
 0001:000301b0       _T_IncendiaryTouch         100311b0 f   pyro.obj
 0001:00030520       _W_FireIncendiaryCannon    10031520 f   pyro.obj
 0001:00030760       _NapalmGrenadeNetThink     10031760 f   pyro.obj
 0001:00030940       _NapalmGrenadeLaunch       10031940 f   pyro.obj
 0001:00030c00       _NapalmGrenadeExplode      10031c00 f   pyro.obj
 0001:00031030       _Q_strncpyz                10032030 f   q_shared.obj
 0001:00031090       _Q_stricmpn                10032090 f   q_shared.obj
 0001:00031110       _Q_strncmp                 10032110 f   q_shared.obj
 0001:00031160       _Q_stricmp                 10032160 f   q_shared.obj
 0001:00031190       _Q_strlwr                  10032190 f   q_shared.obj
 0001:000311c0       _CanisterTouch             100321c0 f   scout.obj
 0001:00031230       _CaltropTouch              10032230 f   scout.obj
 0001:00031320       _CaltropScatterThink       10032320 f   scout.obj
 0001:000315b0       _ScatterCaltrops           100325b0 f   scout.obj
 0001:000317a0       _FlashTimer2               100327a0 f   mtf_scout.obj
 0001:000317a0       _FlashTimer                100327a0 f   scout.obj
 0001:000317a0       _FlashTimerNew             100327a0 f   scout.obj
 0001:00031880       _FlashPlayer               10032880 f   scout.obj
 0001:000319f0       _FlashGrenadeExplode       100329f0 f   scout.obj
 0001:00031c70       _OldConcussionGrenadeTimer 10032c70 f   scout.obj
 0001:00031ed0       _ConcussionGrenadeTimer    10032ed0 f   scout.obj
 0001:00032340       _TeamFortress_AutoScan     10033340 f   scout.obj
 0001:00032390       _ScannerSwitch             10033390 f   scout.obj
 0001:000324b0       _ConcPlayer                100334b0 f   scout.obj
 0001:00032600       _T_RadiusBounce            10033600 f   scout.obj
 0001:00032850       _TeamFortress_Scan_Angel   10033850 f   scout.obj
 0001:00033040       _ConcussionGrenadeExplode  10034040 f   scout.obj
 0001:00033110       _ai_face                   10034110 f   sentry.obj
 0001:000331a0       _lvl1_sentry_atk3          100341a0 f   sentry.obj
 0001:000331e0       _lvl2_sentry_stand         100341e0 f   sentry.obj
 0001:00033220       _lvl3_sentry_stand         10034220 f   sentry.obj
 0001:00033260       _CheckTarget               10034260 f   sentry.obj
 0001:000333b0       _Sentry_Pain               100343b0 f   sentry.obj
 0001:000333e0       _Sentry_Explode            100343e0 f   sentry.obj
 0001:00033550       _SG_Static                 10034550 f   sentry.obj
 0001:000335c0       _Sentry_Die                100345c0 f   sentry.obj
 0001:00033860       _FireSentryBulletsNEW      10034860 f   sentry.obj
 0001:00033af0       _FireSentryBulletsMTFL2    10034af0 f   sentry.obj
 0001:00033df0       _FireSentryLighting        10034df0 f   sentry.obj
 0001:00034400       _LaunchSGRocketOLD         10035400 f   sentry.obj
 0001:00034600       _CheckAim                  10035600 f   sentry.obj
 0001:000346f0       _LaunchSGRocketNEW         100356f0 f   sentry.obj
 0001:00034cc0       _Sentry_MuzzleFlash        10035cc0 f   sentry.obj
 0001:00034cf0       _Sentry_Fire               10035cf0 f   sentry.obj
 0001:000351a0       _lvl1_sentry_atk1          100361a0 f   sentry.obj
 0001:00035250       _lvl2_sentry_atk3          10036250 f   sentry.obj
 0001:000352a0       _lvl3_sentry_atk3          100362a0 f   sentry.obj
 0001:000352f0       _lvl2_sentry_atk2          100362f0 f   sentry.obj
 0001:00035340       _lvl3_sentry_atk2          10036340 f   sentry.obj
 0001:00035390       _lvl2_sentry_atk1          10036390 f   sentry.obj
 0001:00035490       _lvl3_sentry_atk1          10036490 f   sentry.obj
 0001:000355a0       _Sentry_HuntTarget         100365a0 f   sentry.obj
 0001:00035680       _Sentry_FoundTarget        10036680 f   sentry.obj
 0001:00035730       _Sentry_FindTarget_Angel   10036730 f   sentry.obj
 0001:00035850       _Sentry_FindTarget         10036850 f   sentry.obj
 0001:00035960       _Sentry_Rotate             10036960 f   sentry.obj
 0001:00035b20       _lvl1_sentry_stand         10036b20 f   sentry.obj
 0001:00035b60       _Eng_StaticSG_Activate     10036b60 f   sentry.obj
 0001:00035de0       _t_movetarget              10036de0 f   server.obj
 0001:00035ee0       _movetarget_f              10036ee0 f   server.obj
 0001:00035f50       _SP_path_corner            10036f50 f   server.obj
 0001:00035f70       _TF_zoom                   10036f70 f   sniper.obj
 0001:00035fa0       _SniperSight_Update        10036fa0 f   sniper.obj
 0001:00036310       _SniperSight_Create        10037310 f   sniper.obj
 0001:00036400       _TeamFortress_AutoZoomToggle 10037400 f   sniper.obj
 0001:00036450       _SpectatorConnect          10037450 f   spectate.obj
 0001:000364a0       _SpectatorDisconnect       100374a0 f   spectate.obj
 0001:000364d0       _SpectatorImpulseCommand   100374d0 f   spectate.obj
 0001:000365d0       _SpectatorThink            100375d0 f   spectate.obj
 0001:000365f0       _spy_diea11                100375f0 f   spy.obj
 0001:00036630       _spy_dieb9                 10037630 f   spy.obj
 0001:00036670       _spy_diec15                10037670 f   spy.obj
 0001:000366b0       _spy_died9                 100376b0 f   spy.obj
 0001:000366f0       _spy_diee9                 100376f0 f   spy.obj
 0001:00036730       _spy_die_ax9               10037730 f   spy.obj
 0001:00036770       _spy_upb9                  10037770 f   spy.obj
 0001:000367b0       _spy_upc15                 100377b0 f   spy.obj
 0001:000367f0       _spy_upd9                  100377f0 f   spy.obj
 0001:00036830       _spy_upe9                  10037830 f   spy.obj
 0001:00036870       _spy_upaxe9                10037870 f   spy.obj
 0001:000368b0       _TeamFortress_SpyCalcName  100378b0 f   spy.obj
 0001:000369a0       _TeamFortress_SpyUndercoverThink 100379a0 f   spy.obj
 0001:00036b50       _TeamFortress_SpyChangeSkin 10037b50 f   spy.obj
 0001:00036c30       _TeamFortress_SpyChangeColor 10037c30 f   spy.obj
 0001:00036d60       _GasEffect1                10037d60 f   spy.obj
 0001:00036e40       _GasEffect2                10037e40 f   spy.obj
 0001:00036f00       _GasEffect3                10037f00 f   spy.obj
 0001:00037060       _TranquiliserTimer         10038060 f   spy.obj
 0001:000370c0       _Spy_RemoveDisguise        100380c0 f   spy.obj
 0001:00037200       _ResetGasSkins             10038200 f   spy.obj
 0001:000373c0       _SetGasSkins               100383c0 f   spy.obj
 0001:000376e0       _spy_diea10                100386e0 f   spy.obj
 0001:00037720       _spy_dieb8                 10038720 f   spy.obj
 0001:00037760       _spy_diec14                10038760 f   spy.obj
 0001:000377a0       _spy_died8                 100387a0 f   spy.obj
 0001:000377e0       _spy_diee8                 100387e0 f   spy.obj
 0001:00037820       _spy_die_ax8               10038820 f   spy.obj
 0001:00037860       _spy_upb8                  10038860 f   spy.obj
 0001:000378a0       _spy_upc14                 100388a0 f   spy.obj
 0001:000378e0       _spy_upd8                  100388e0 f   spy.obj
 0001:00037920       _spy_upe1                  10038920 f   spy.obj
 0001:00037960       _spy_upaxe8                10038960 f   spy.obj
 0001:000379a0       _TeamFortress_SpyGoUndercover 100389a0 f   spy.obj
 0001:00037b40       _HallucinationTimer        10038b40 f   spy.obj
 0001:00037d00       _T_TranqDartTouch          10038d00 f   spy.obj
 0001:00037fe0       _spy_diea9                 10038fe0 f   spy.obj
 0001:00038020       _spy_dieb7                 10039020 f   spy.obj
 0001:00038060       _spy_diec13                10039060 f   spy.obj
 0001:000380a0       _spy_died7                 100390a0 f   spy.obj
 0001:000380e0       _spy_diee7                 100390e0 f   spy.obj
 0001:00038120       _spy_die_ax7               10039120 f   spy.obj
 0001:00038160       _spy_upb7                  10039160 f   spy.obj
 0001:000381a0       _spy_upc13                 100391a0 f   spy.obj
 0001:000381e0       _spy_upd7                  100391e0 f   spy.obj
 0001:00038220       _spy_upaxe7                10039220 f   spy.obj
 0001:00038260       _GasGrenadeMakeGas         10039260 f   spy.obj
 0001:00038640       _W_FireTranq               10039640 f   spy.obj
 0001:00038800       _spy_diea8                 10039800 f   spy.obj
 0001:00038840       _spy_dieb6                 10039840 f   spy.obj
 0001:00038880       _spy_diec12                10039880 f   spy.obj
 0001:000388c0       _spy_died6                 100398c0 f   spy.obj
 0001:00038900       _spy_diee6                 10039900 f   spy.obj
 0001:00038940       _spy_die_ax6               10039940 f   spy.obj
 0001:00038980       _spy_upb6                  10039980 f   spy.obj
 0001:000389c0       _spy_upc12                 100399c0 f   spy.obj
 0001:00038a00       _spy_upd6                  10039a00 f   spy.obj
 0001:00038a40       _spy_upaxe6                10039a40 f   spy.obj
 0001:00038a80       _GasGrenadeExplode         10039a80 f   spy.obj
 0001:00038cd0       _spy_diea7                 10039cd0 f   spy.obj
 0001:00038d10       _spy_dieb5                 10039d10 f   spy.obj
 0001:00038d50       _spy_diec11                10039d50 f   spy.obj
 0001:00038d90       _spy_died5                 10039d90 f   spy.obj
 0001:00038dd0       _spy_diee5                 10039dd0 f   spy.obj
 0001:00038e10       _spy_die_ax5               10039e10 f   spy.obj
 0001:00038e50       _spy_upb5                  10039e50 f   spy.obj
 0001:00038e90       _spy_upc11                 10039e90 f   spy.obj
 0001:00038ed0       _spy_upd5                  10039ed0 f   spy.obj
 0001:00038f10       _spy_upaxe5                10039f10 f   spy.obj
 0001:00038f50       _spy_diea6                 10039f50 f   spy.obj
 0001:00038f90       _spy_dieb4                 10039f90 f   spy.obj
 0001:00038fd0       _spy_diec10                10039fd0 f   spy.obj
 0001:00039010       _spy_died4                 1003a010 f   spy.obj
 0001:00039050       _spy_diee4                 1003a050 f   spy.obj
 0001:00039090       _spy_die_ax4               1003a090 f   spy.obj
 0001:000390d0       _spy_upb4                  1003a0d0 f   spy.obj
 0001:00039110       _spy_upc10                 1003a110 f   spy.obj
 0001:00039150       _spy_upd4                  1003a150 f   spy.obj
 0001:00039190       _spy_upaxe4                1003a190 f   spy.obj
 0001:000391d0       _spy_diea5                 1003a1d0 f   spy.obj
 0001:00039210       _spy_dieb3                 1003a210 f   spy.obj
 0001:00039250       _spy_diec9                 1003a250 f   spy.obj
 0001:00039290       _spy_died3                 1003a290 f   spy.obj
 0001:000392d0       _spy_diee3                 1003a2d0 f   spy.obj
 0001:00039310       _spy_die_ax3               1003a310 f   spy.obj
 0001:00039350       _spy_upb3                  1003a350 f   spy.obj
 0001:00039390       _spy_upc9                  1003a390 f   spy.obj
 0001:000393d0       _spy_upd3                  1003a3d0 f   spy.obj
 0001:00039410       _spy_upaxe3                1003a410 f   spy.obj
 0001:00039450       _spy_diea4                 1003a450 f   spy.obj
 0001:00039490       _spy_dieb2                 1003a490 f   spy.obj
 0001:000394d0       _spy_diec8                 1003a4d0 f   spy.obj
 0001:00039510       _spy_died2                 1003a510 f   spy.obj
 0001:00039550       _spy_diee2                 1003a550 f   spy.obj
 0001:00039590       _spy_die_ax2               1003a590 f   spy.obj
 0001:000395d0       _spy_upb2                  1003a5d0 f   spy.obj
 0001:00039610       _spy_upc8                  1003a610 f   spy.obj
 0001:00039650       _spy_upd2                  1003a650 f   spy.obj
 0001:00039690       _spy_upaxe2                1003a690 f   spy.obj
 0001:000396d0       _spy_diea3                 1003a6d0 f   spy.obj
 0001:00039710       _spy_dieb1                 1003a710 f   spy.obj
 0001:00039750       _spy_diec7                 1003a750 f   spy.obj
 0001:00039790       _spy_died1                 1003a790 f   spy.obj
 0001:000397d0       _spy_diee1                 1003a7d0 f   spy.obj
 0001:00039810       _spy_die_ax1               1003a810 f   spy.obj
 0001:00039850       _spy_upb1                  1003a850 f   spy.obj
 0001:00039890       _spy_upc7                  1003a890 f   spy.obj
 0001:000398d0       _spy_upd1                  1003a8d0 f   spy.obj
 0001:00039910       _spy_upaxe1                1003a910 f   spy.obj
 0001:00039950       _spy_diea2                 1003a950 f   spy.obj
 0001:00039990       _spy_diec6                 1003a990 f   spy.obj
 0001:000399d0       _spy_upc6                  1003a9d0 f   spy.obj
 0001:00039a10       _spy_diea1                 1003aa10 f   spy.obj
 0001:00039a50       _spy_diec5                 1003aa50 f   spy.obj
 0001:00039a90       _spy_upc5                  1003aa90 f   spy.obj
 0001:00039ad0       _spy_diec4                 1003aad0 f   spy.obj
 0001:00039b10       _spy_upc4                  1003ab10 f   spy.obj
 0001:00039b50       _spy_diec3                 1003ab50 f   spy.obj
 0001:00039b90       _spy_upc3                  1003ab90 f   spy.obj
 0001:00039bd0       _spy_diec2                 1003abd0 f   spy.obj
 0001:00039c10       _spy_upc2                  1003ac10 f   spy.obj
 0001:00039c50       _spy_diec1                 1003ac50 f   spy.obj
 0001:00039c90       _spy_upc1                  1003ac90 f   spy.obj
 0001:00039cd0       _TeamFortress_SpyFeignDeath 1003acd0 f   spy.obj
 0001:0003a2b0       _CenterPrint               1003b2b0 f   status.obj
 0001:0003a340       _GetStatusSize             1003b340 f   status.obj
 0001:0003a3a0       _GetClipSize               1003b3a0 f   status.obj
 0001:0003a400       _GetSpySbar                1003b400 f   status.obj
 0001:0003a4c0       _GetEngSbar                1003b4c0 f   status.obj
 0001:0003a780       _StatusRes                 1003b780 f   status.obj
 0001:0003a7c0       _RefreshStatusBar          1003b7c0 f   status.obj
 0001:0003aa30       _SetMovedir                1003ba30 f   subs.obj
 0001:0003ab50       _InitTrigger               1003bb50 f   subs.obj
 0001:0003abd0       _SUB_CalcMoveDone          1003bbd0 f   subs.obj
 0001:0003ac40       _DelayThink                1003bc40 f   subs.obj
 0001:0003ac70       _SUB_UseTargets            1003bc70 f   subs.obj
 0001:0003aee0       _SUB_AttackFinished        1003bee0 f   subs.obj
 0001:0003af10       _SUB_CalcMove              1003bf10 f   subs.obj
 0001:0003b080       _UseSpecialSkill           1003c080 f   tfort.obj
 0001:0003b3f0       _TeamFortress_DisplayLegalClasses 1003c3f0 f   tfort.obj
 0001:0003b6c0       _TeamFortress_ShowTF       1003c6c0 f   tfort.obj
 0001:0003c0e0       _TeamFortress_ThrowGrenade 1003d0e0 f   tfort.obj
 0001:0003c170       _IsLegalClass              1003d170 f   tfort.obj
 0001:0003c1c0       _TeamFortress_SetSpeed     1003d1c0 f   tfort.obj
 0001:0003c400       _TeamFortress_SetHealth    1003d400 f   tfort.obj
 0001:0003c450       _TeamFortress_GetSkinByTeamClass 1003d450 f   tfort.obj
 0001:0003c490       _TeamFortress_GetSkin      1003d490 f   tfort.obj
 0001:0003c4e0       _TeamFortress_SetSkin      1003d4e0 f   tfort.obj
 0001:0003c5b0       _TeamFortress_SetColor     1003d5b0 f   tfort.obj
 0001:0003c670       _TeamFortress_GetMaxAmmo   1003d670 f   tfort.obj
 0001:0003c700       _TeamFortress_CanGetWeapon 1003d700 f   tfort.obj
 0001:0003c720       _TeamFortress_DescribeArmor 1003d720 f   tfort.obj
 0001:0003c7b0       _TeamFortress_GetClassName 1003d7b0 f   tfort.obj
 0001:0003c7d0       _TeamFortress_PrintClassName 1003d7d0 f   tfort.obj
 0001:0003c810       _TeamFortress_RemoveTimers 1003d810 f   tfort.obj
 0001:0003cb70       _TeamFortress_SetupRespawn 1003db70 f   tfort.obj
 0001:0003cd80       _TeamFortress_CheckClassStats 1003dd80 f   tfort.obj
 0001:0003d0c0       _decrement_team_ammoboxes  1003e0c0 f   tfort.obj
 0001:0003d0e0       _NormalGrenadeTouch        1003e0e0 f   tfort.obj
 0001:0003d170       _NormalGrenadeExplode      1003e170 f   tfort.obj
 0001:0003d240       _TeamFortress_DisplayDetectionItems 1003e240 f   tfort.obj
 0001:0003d380       _BioInfection_Decay        1003e380 f   tfort.obj
 0001:0003d5b0       _BioInfection_MonsterDecay 1003e5b0 f   tfort.obj
 0001:0003d640       _TeamFortress_Alias        1003e640 f   tfort.obj
 0001:0003d690       _TeamFortress_Regenerate   1003e690 f   tfort.obj
 0001:0003d770       _TeamFortress_RegenerateCells 1003e770 f   tfort.obj
 0001:0003d870       _TeamFortress_AutoID       1003e870 f   tfort.obj
 0001:0003d8b0       _crossproduct              1003e8b0 f   tfort.obj
 0001:0003d8d0       _TF_AddFrags               1003e8d0 f   tfort.obj
 0001:0003d9d0       _TeamFortress_ExecClassScript 1003e9d0 f   tfort.obj
 0001:0003da10       _TeamFortress_ExecMapScript 1003ea10 f   tfort.obj
 0001:0003da50       _KickCheater               1003ea50 f   tfort.obj
 0001:0003dae0       _TeamFortress_PrepareForArenaRespawn 1003eae0 f   tfort.obj
 0001:0003dbb0       _TeamFortress_Inventory    1003ebb0 f   tfort.obj
 0001:0003deb0       _TeamFortress_SetEquipment 1003eeb0 f   tfort.obj
 0001:0003e710       _TeamFortress_AmmoboxRemove 1003f710 f   tfort.obj
 0001:0003e740       _TeamFortress_AmmoboxTouch 1003f740 f   tfort.obj
 0001:0003eaf0       _RemoveOldAmmobox          1003faf0 f   tfort.obj
 0001:0003ebd0       _increment_team_ammoboxes  1003fbd0 f   tfort.obj
 0001:0003ec30       _TeamFortress_ExplodePerson 1003fc30 f   tfort.obj
 0001:0003f2a0       _TeamFortress_ChangeClass  100402a0 f   tfort.obj
 0001:0003fa50       _TeamFortress_GrenadePrimed 10040a50 f   tfort.obj
 0001:000403d0       _TeamFortress_DropAmmo     100413d0 f   tfort.obj
 0001:00040910       _TeamFortress_PrimeGrenade 10041910 f   tfort.obj
 0001:00040bf0       _TeamFortress_MOTD         10041bf0 f   tforthlp.obj
 0001:000415f0       _TeamFortress_HelpMap      100425f0 f   tforthlp.obj
 0001:00041640       _UpdateAbbreviations       10042640 f   tfortmap.obj
 0001:00041710       _TF_PlaceItem              10042710 f   tfortmap.obj
 0001:00041860       _CheckExistence            10042860 f   tfortmap.obj
 0001:000418d0       _SP_info_tfdetect          100428d0 f   tfortmap.obj
 0001:000418e0       _SP_info_player_teamspawn  100428e0 f   tfortmap.obj
 0001:00041950       _SP_i_p_t                  10042950 f   tfortmap.obj
 0001:00041970       _ParseTFDetect             10042970 f   tfortmap.obj
 0001:00041b60       _Finditem                  10042b60 f   tfortmap.obj
 0001:00041bc0       _Findgoal                  10042bc0 f   tfortmap.obj
 0001:00041c20       _Findteamspawn             10042c20 f   tfortmap.obj
 0001:00041c80       _InactivateGoal            10042c80 f   tfortmap.obj
 0001:00041d00       _RestoreGoal               10042d00 f   tfortmap.obj
 0001:00041d90       _IsAffectedBy              10042d90 f   tfortmap.obj
 0001:00041f80       _RemoveResults             10042f80 f   tfortmap.obj
 0001:000424b0       _APMeetsCriteria           100434b0 f   tfortmap.obj
 0001:00042840       _DoRespawn                 10043840 f   tfortmap.obj
 0001:00042860       _Activated                 10043860 f   tfortmap.obj
 0001:00042920       _DoGroupWork               10043920 f   tfortmap.obj
 0001:00042c70       _DoItemGroupWork           10043c70 f   tfortmap.obj
 0001:00042e70       _DoTriggerWork             10043e70 f   tfortmap.obj
 0001:00042f30       _DelayedResult             10043f30 f   tfortmap.obj
 0001:00042f80       _tfgoal_timer_tick         10043f80 f   tfortmap.obj
 0001:00043000       _MoveFlag                  10044000 f   tfortmap.obj
 0001:00043240       _tfgoalitem_GiveToPlayer   10044240 f   tfortmap.obj
 0001:00043640       _tfgoalitem_checkgoalreturn 10044640 f   tfortmap.obj
 0001:000436a0       _SP_info_player_team1      100446a0 f   tfortmap.obj
 0001:000436f0       _SP_info_player_team2      100446f0 f   tfortmap.obj
 0001:00043740       _ForceRespawn              10044740 f   tfortmap.obj
 0001:000439b0       _TF_StartItem              100449b0 f   tfortmap.obj
 0001:00043a20       _SetupRespawn              10044a20 f   tfortmap.obj
 0001:00043ae0       _ReturnItem                10044ae0 f   tfortmap.obj
 0001:00043c70       _tfgoalitem_remove         10044c70 f   tfortmap.obj
 0001:00043cd0       _CTF_FlagCheck             10044cd0 f   tfortmap.obj
 0001:00043e30       _DoGoalWork                10044e30 f   tfortmap.obj
 0001:00043fd0       _tfgoalitem_dropthink      10044fd0 f   tfortmap.obj
 0001:000442c0       _DisplayItemStatus         100452c0 f   tfortmap.obj
 0001:000444a0       _Apply_Results             100454a0 f   tfortmap.obj
 0001:00044c30       _DoResults                 10045c30 f   tfortmap.obj
 0001:00045370       _AttemptToActivate         10046370 f   tfortmap.obj
 0001:00045450       _tfgoal_touch              10046450 f   tfortmap.obj
 0001:00045570       _info_tfgoal_use           10046570 f   tfortmap.obj
 0001:00045590       _item_tfgoal_touch         10046590 f   tfortmap.obj
 0001:000459a0       _tfgoalitem_droptouch      100469a0 f   tfortmap.obj
 0001:000459e0       _tfgoalitem_drop           100469e0 f   tfortmap.obj
 0001:00045c50       _TF_PlaceGoal              10046c50 f   tfortmap.obj
 0001:00045dc0       _TF_StartGoal              10046dc0 f   tfortmap.obj
 0001:00045e40       _SP_info_tfgoal            10046e40 f   tfortmap.obj
 0001:00046040       _SP_i_t_g                  10047040 f   tfortmap.obj
 0001:00046060       _SP_info_tfgoal_timer      10047060 f   tfortmap.obj
 0001:00046220       _SP_i_t_t                  10047220 f   tfortmap.obj
 0001:00046240       _SP_item_tfgoal            10047240 f   tfortmap.obj
 0001:000464a0       _tfgoalitem_RemoveFromPlayer 100474a0 f   tfortmap.obj
 0001:000469d0       _SP_item_flag_team2        100479d0 f   tfortmap.obj
 0001:00046de0       _SP_item_flag_team1        10047de0 f   tfortmap.obj
 0001:000471f0       _DropGoalItems             100481f0 f   tfortmap.obj
 0001:00047320       _TeamFortress_TeamGetColor 10048320 f   tforttm.obj
 0001:00047340       _TeamFortress_TeamGetTopColor 10048340 f   tforttm.obj
 0001:00047360       _LoadTeamNames             10048360 f   tforttm.obj
 0001:000473d0       _GetTeamName               100483d0 f   tforttm.obj
 0001:00047400       _SetTeamName               10048400 f   tforttm.obj
 0001:000474b0       _TeamFortress_CheckTeamCheats 100484b0 f   tforttm.obj
 0001:000478c0       _TeamFortress_TeamGetScore 100488c0 f   tforttm.obj
 0001:000478e0       _TeamFortress_TeamIncreaseScore 100488e0 f   tforttm.obj
 0001:00047970       _TeamFortress_TeamGetLives 10048970 f   tforttm.obj
 0001:00047990       _TeamFortress_TeamGetNoPlayers 10048990 f   tforttm.obj
 0001:000479e0       _TeamFortress_GetNoPlayers 100489e0 f   tforttm.obj
 0001:00047a20       _TeamFortress_TeamGetWinner 10048a20 f   tforttm.obj
 0001:00047a80       _TeamFortress_TeamGetSecond 10048a80 f   tforttm.obj
 0001:00047b30       _TeamFortress_TeamGetColorString 10048b30 f   tforttm.obj
 0001:00047b50       _TeamFortress_TeamShowMemberClasses 10048b50 f   tforttm.obj
 0001:00047c30       _TeamFortress_TeamShowMemberClasses_New 10048c30 f   tforttm.obj
 0001:00047f70       _CalculateTeamEqualiser    10048f70 f   tforttm.obj
 0001:000483d0       _SetupTeamEqualiser        100493d0 f   tforttm.obj
 0001:00048430       _TeamEqualiseDamage        10049430 f   tforttm.obj
 0001:00048540       _TeamFortress_StatusQuery  10049540 f   tforttm.obj
 0001:000485e0       _TeamFortress_TeamGetIllegalClasses 100495e0 f   tforttm.obj
 0001:00048600       _TeamFortress_TeamIsCivilian 10049600 f   tforttm.obj
 0001:00048630       _ClassIsRestricted         10049630 f   tforttm.obj
 0001:00048700       _teamsprint                10049700 f   tforttm.obj
 0001:00048770       _TeamFortress_isTeamsAllied 10049770 f   tforttm.obj
 0001:000487b0       _TeamFortress_TeamSet      100497b0 f   tforttm.obj
 0001:00048990       _TeamFortress_TeamShowScores 10049990 f   tforttm.obj
 0001:00048cc0       _TeamFortress_TeamPutPlayerInTeam 10049cc0 f   tforttm.obj
 0001:00048d40       _TG_LoadSettings           10049d40 f   tg.obj
 0001:00049360       _TG_Eff_Flash              1004a360 f   tg.obj
 0001:000493a0       _TG_Eff_Conc               1004a3a0 f   tg.obj
 0001:000493e0       _TG_Eff_Remove             1004a3e0 f   tg.obj
 0001:000496d0       _TG_Cmd                    1004a6d0 f   tg.obj
 0001:00049bc0       _multi_wait                1004abc0 f   triggers.obj
 0001:00049c10       _multi_trigger             1004ac10 f   triggers.obj
 0001:00049d50       _multi_killed              1004ad50 f   triggers.obj
 0001:00049d70       _multi_use                 1004ad70 f   triggers.obj
 0001:00049d90       _multi_touch               1004ad90 f   triggers.obj
 0001:00049ea0       _SP_trigger_multiple       1004aea0 f   triggers.obj
 0001:0004a040       _SP_trigger_once           1004b040 f   triggers.obj
 0001:0004a070       _SP_trigger_relay          1004b070 f   triggers.obj
 0001:0004a0a0       _SP_trigger_secret         1004b0a0 f   triggers.obj
 0001:0004a170       _counter_use               1004b170 f   triggers.obj
 0001:0004a2e0       _SP_trigger_counter        1004b2e0 f   triggers.obj
 0001:0004a340       _play_teleport             1004b340 f   triggers.obj
 0001:0004a3e0       _spawn_tfog                1004b3e0 f   triggers.obj
 0001:0004a4b0       _tdeath_touch              1004b4b0 f   triggers.obj
 0001:0004a610       _spawn_tdeath              1004b610 f   triggers.obj
 0001:0004a740       _teleport_touch            1004b740 f   triggers.obj
 0001:0004ab30       _SP_info_teleport_destination 1004bb30 f   triggers.obj
 0001:0004abe0       _teleport_use              1004bbe0 f   triggers.obj
 0001:0004ac20       _SP_trigger_teleport       1004bc20 f   triggers.obj
 0001:0004ad30       _SP_trigger_setskill       1004bd30 f   triggers.obj
 0001:0004ad30       _BecomeExplosion           1004bd30 f   weapons.obj
 0001:0004ad40       _trigger_onlyregistered_touch 1004bd40 f   triggers.obj
 0001:0004ae90       _SP_trigger_onlyregistered 1004be90 f   triggers.obj
 0001:0004aed0       _hurt_on                   1004bed0 f   triggers.obj
 0001:0004aef0       _hurt_touch                1004bef0 f   triggers.obj
 0001:0004afc0       _SP_trigger_hurt           1004bfc0 f   triggers.obj
 0001:0004b010       _trigger_push_touch        1004c010 f   triggers.obj
 0001:0004b1f0       _SP_trigger_push           1004c1f0 f   triggers.obj
 0001:0004b250       _trigger_monsterjump_touch 1004c250 f   triggers.obj
 0001:0004b2e0       _SP_trigger_monsterjump    1004c2e0 f   triggers.obj
[...]
 0003:000001ac       _menu_eng_detdisp          1007f1ac     menu.obj
 0003:000001b0       _menu_eng_detsentry        1007f1b0     menu.obj
 0003:000001b4       _menu_eng_fixsg_upgrade    1007f1b4     menu.obj
 0003:000001b8       _menu_eng_fixsg_static     1007f1b8     menu.obj
 0003:000001bc       _menu_eng_fixsg_nostatic   1007f1bc     menu.obj
 0003:000001c0       _spy_menu_feign            1007f1c0     menu.obj
 0003:000001c4       _spy_menu_stop_feign       1007f1c4     menu.obj
 0003:000001c8       _spy_menu_undecover        1007f1c8     menu.obj
 0003:000001cc       _spy_menu_reset_skin       1007f1cc     menu.obj
 0003:000001d0       _spy_menu_reset_color      1007f1d0     menu.obj
 0003:000001d4       _spy_menu_reset_skin_color 1007f1d4     menu.obj
 0003:000001d8       _birthday_msgs             1007f1d8     menu.obj
 0003:000002a4       _num_birthday_msgs         1007f2a4     menu.obj
 0003:000002a8       _sentry_sfire_names        1007f2a8     menu.obj
 0003:000002b8       _sentry_find_names         1007f2b8     menu.obj
 0003:00000338       _teamnames                 1007f338     status.obj
 0003:0000034c       _default_status            1007f34c     status.obj
 0003:00000350       _spy_teams                 1007f350     status.obj
 0003:00000364       _spy_skins                 1007f364     status.obj
 0003:000003b0       _GrenadeNames              1007f3b0     tfort.obj
 0003:000003e0       _GrenadePrimeName          1007f3e0     tfort.obj
 0003:00000410       _explode_msgs              1007f410     tfort.obj
 0003:00000440       _ec_strings                1007f440     tfort.obj
 0003:000004a0       _team_top_colors           1007f4a0     tforttm.obj
 0003:000004dc       _colornames                1007f4dc     tforttm.obj
 0003:00000568       _ANGEL_VERSION             1007f568     version.obj
 0003:000005ac       _current_vote              1007f5ac     vote.obj
 0003:000005b0       _end_pos                   1007f5b0     ai.obj
 0003:000005bc       _max_yaw_per_sek           1007f5bc     move.obj
 0003:000005c0       _bot_cmds                  1007f5c0     ui.obj
 0003:000005f0       ___security_cookie         1007f5f0     LIBCMT:gs_cookie.obj
 0003:000005f4       ___security_cookie_complement 1007f5f4     LIBCMT:gs_cookie.obj
 0003:000005f8       __fltused                  1007f5f8     LIBCMT:fpinit.obj
 0003:000005fc       __ldused                   1007f5fc     LIBCMT:fpinit.obj
 0003:00000630       __cfltcvt_tab              1007f630     LIBCMT:cmiscdat.obj
 0003:0000065c       ___nullstring              1007f65c     LIBCMT:output.obj
 0003:00000660       ___wnullstring             1007f660     LIBCMT:output.obj
 0003:000007e0       __indefinite               1007f7e0     LIBCMT:87disp.obj
 0003:000007ea       __piby2                    1007f7ea     LIBCMT:87disp.obj
 0003:00000810       __OP_ATAN2jmptab           1007f810     LIBCMT:87triga.obj
 0003:00000860       ___initialmbcinfo          1007f860     LIBCMT:mbctype.obj
 0003:00000a80       __mbctype                  1007fa80     LIBCMT:mbctype.obj
 0003:00000b88       __mbcasemap                1007fb88     LIBCMT:mbctype.obj
 0003:00000c88       ___ptmbcinfo               1007fc88     LIBCMT:mbctype.obj
 0003:00000d84       ___globallocalestatus      1007fd84     LIBCMT:glstatus.obj
 0003:00000d88       ___clocalestr              1007fd88     LIBCMT:nlsdata2.obj
 0003:00000d90       ___initiallocinfo          1007fd90     LIBCMT:nlsdata2.obj
 0003:00000e68       ___ptlocinfo               1007fe68     LIBCMT:nlsdata2.obj
 0003:00000e6c       ___lc_clike                1007fe6c     LIBCMT:nlsdata2.obj
 0003:00000e70       ___initiallocalestructinfo 1007fe70     LIBCMT:nlsdata2.obj
 0003:00000e78       ___flsindex                1007fe78     LIBCMT:tidtable.obj
 0003:00000e7c       ___getvalueindex           1007fe7c     LIBCMT:tidtable.obj
 0003:00000fa0       __amblksiz                 1007ffa0     LIBCMT:heapinit.obj
 0003:00000fa4       __aexit_rtn                1007ffa4     LIBCMT:crt0dat.obj
 0003:00001060       ___badioinfo               10080060     LIBCMT:ioinit.obj
 0003:00001088       __XcptActTab               10080088     LIBCMT:winxfltr.obj
 0003:00001100       __First_FPE_Indx           10080100     LIBCMT:winxfltr.obj
 0003:00001104       __Num_FPE                  10080104     LIBCMT:winxfltr.obj
 0003:00001108       __XcptActTabSize           10080108     LIBCMT:winxfltr.obj
 0003:0000110c       __XcptActTabCount          1008010c     LIBCMT:winxfltr.obj
 0003:00001110       __matherr_flag             10080110     LIBCMT:matherr.obj
 0003:00001200       __d_inf                    10080200     LIBCMT:util.obj
 0003:00001208       __d_ind                    10080208     LIBCMT:util.obj
 0003:00001210       __d_max                    10080210     LIBCMT:util.obj
 0003:00001218       __d_min                    10080218     LIBCMT:util.obj
 0003:00001220       __d_mzero                  10080220     LIBCMT:util.obj
 0003:00001248       __iob                      10080248     LIBCMT:_file.obj
 0003:000014c8       __pctype                   100804c8     LIBCMT:ctype.obj
 0003:000014cc       __pwctype                  100804cc     LIBCMT:ctype.obj
 0003:000014d0       ___lc_time_c               100804d0     LIBCMT:strftime.obj
 0003:00001588       ___lc_time_curr            10080588     LIBCMT:strftime.obj
 0003:0000158c       ___lconv_static_decimal    1008058c     LIBCMT:lconv.obj
 0003:00001590       ___lconv_c                 10080590     LIBCMT:lconv.obj
 0003:000015c0       ___lconv                   100805c0     LIBCMT:lconv.obj
 0003:000015c4       ___mb_cur_max              100805c4     LIBCMT:nlsdata1.obj
 0003:000015c8       ___decimal_point           100805c8     LIBCMT:nlsdata1.obj
 0003:000015cc       ___decimal_point_length    100805cc     LIBCMT:nlsdata1.obj
 0003:00001608       __lookuptrailbytes         10080608     LIBCMT:read.obj
 0003:00001708       __timezone                 10080708     LIBCMT:timeset.obj
 0003:0000170c       __daylight                 1008070c     LIBCMT:timeset.obj
 0003:00001710       __dstbias                  10080710     LIBCMT:timeset.obj
 0003:00001798       __tzname                   10080798     LIBCMT:timeset.obj
 0003:000017b8       __lpdays                   100807b8     LIBCMT:days.obj
 0003:000017ec       __days                     100807ec     LIBCMT:days.obj
 0003:00001820       __NLG_Destination          10080820     LIBCMT:exsup.obj
 0003:00001830       ___abort_behavior          10080830     LIBCMT:abort.obj
 0003:00001838       __pow10pos                 10080838     LIBCMT:constpow.obj
 0003:00001998       __pow10neg                 10080998     LIBCMT:constpow.obj
 0003:00001af4       __coninpfh                 10080af4     LIBCMT:initcon.obj
 0003:00001af8       __confh                    10080af8     LIBCMT:initcon.obj
 0003:00001b08       _intermission_running      10080b08     client.obj
 0003:00001b0c       _intermission_exittime     10080b0c     client.obj
 0003:00001b10       _nextmap                   10080b10     client.obj
 0003:00001b54       _lastspawn_team            10080b54     client.obj
 0003:000431d0       _null_str                  100c21d0     g_utils.obj
 0003:000431d4       _vec3_origin               100c21d4     mathlib.obj
 0003:000431e0       _savepos                   100c21e0     menu.obj
 0003:00043a80       _team_menu_string          100c2a80     tfortmap.obj
 0003:00043a98       _teams_allied              100c2a98     tforttm.obj
 0003:00043af4       _number_of_teams           100c2af4     world.obj
 0003:00043b3c       _counter                   100c2b3c     move.obj
 0003:00043b4c       ___fastflag                100c2b4c     LIBCMT:fpinit.obj
 0003:00043b50       __adjust_fdiv              100c2b50     LIBCMT:fpinit.obj
 0003:00043b58       __aenvptr                  100c2b58     LIBCMT:dllcrt0.obj
 0003:00043b5c       __wenvptr                  100c2b5c     LIBCMT:dllcrt0.obj
 0003:00043b60       ___error_mode              100c2b60     LIBCMT:dllcrt0.obj
 0003:00043b64       ___app_type                100c2b64     LIBCMT:dllcrt0.obj
 0003:00043e90       ___pInvalidArgHandler      100c2e90     LIBCMT:invarg.obj
 0003:00043e98       ___mbulinfo                100c2e98     LIBCMT:mbctype.obj
 0003:00043ea4       ___mbcodepage              100c2ea4     LIBCMT:mbctype.obj
 0003:00043ea8       ___ismbcodepage            100c2ea8     LIBCMT:mbctype.obj
 0003:00043eac       ___mblcid                  100c2eac     LIBCMT:mbctype.obj
 0003:00043eb0       ___locale_changed          100c2eb0     LIBCMT:setlocal.obj
 0003:00043eb4       ___lc_handle               100c2eb4     LIBCMT:nlsdata2.obj
 0003:00043ecc       ___lc_codepage             100c2ecc     LIBCMT:nlsdata2.obj
 0003:00043ed0       ___lc_collate_cp           100c2ed0     LIBCMT:nlsdata2.obj
 0003:00043ed4       _gpFlsAlloc                100c2ed4     LIBCMT:tidtable.obj
 0003:00043ed8       _gpFlsGetValue             100c2ed8     LIBCMT:tidtable.obj
 0003:00043edc       _gpFlsSetValue             100c2edc     LIBCMT:tidtable.obj
 0003:00043ee0       _gpFlsFree                 100c2ee0     LIBCMT:tidtable.obj
 0003:00044038       ___sbh_pHeaderDefer        100c3038     LIBCMT:sbheap.obj
 0003:0004403c       __crtheap                  100c303c     LIBCMT:heapinit.obj
 0003:00044040       __umaskval                 100c3040     LIBCMT:crt0dat.obj
 0003:00044044       __osplatform               100c3044     LIBCMT:crt0dat.obj
 0003:00044048       __osver                    100c3048     LIBCMT:crt0dat.obj
 0003:0004404c       __winver                   100c304c     LIBCMT:crt0dat.obj
 0003:00044050       __winmajor                 100c3050     LIBCMT:crt0dat.obj
 0003:00044054       __winminor                 100c3054     LIBCMT:crt0dat.obj
 0003:00044058       ___argc                    100c3058     LIBCMT:crt0dat.obj
 0003:0004405c       ___argv                    100c305c     LIBCMT:crt0dat.obj
 0003:00044060       ___wargv                   100c3060     LIBCMT:crt0dat.obj
 0003:00044064       __environ                  100c3064     LIBCMT:crt0dat.obj
 0003:00044068       ___initenv                 100c3068     LIBCMT:crt0dat.obj
 0003:0004406c       __wenviron                 100c306c     LIBCMT:crt0dat.obj
 0003:00044070       ___winitenv                100c3070     LIBCMT:crt0dat.obj
 0003:00044074       __pgmptr                   100c3074     LIBCMT:crt0dat.obj
 0003:00044078       __wpgmptr                  100c3078     LIBCMT:crt0dat.obj
 0003:0004407c       __exitflag                 100c307c     LIBCMT:crt0dat.obj
 0003:00044080       __C_Termination_Done       100c3080     LIBCMT:crt0dat.obj
 0003:00044084       __C_Exit_Done              100c3084     LIBCMT:crt0dat.obj
 0003:0004439c       ?_pnhHeap@@3P6AHI@ZA       100c339c     LIBCMT:handler.obj
 0003:000443a0       __newmode                  100c33a0     LIBCMT:_newmode.obj
 0003:000443a4       __maxwait                  100c33a4     LIBCMT:crtheap.obj
 0003:000444b4       __outputformat             100c34b4     LIBCMT:outputformat.obj
 0003:000444b8       __cflush                   100c34b8     LIBCMT:_file.obj
 0003:000444c4       ___lconv_static_null       100c34c4     LIBCMT:lconv.obj
 0003:000444cc       ?__pInconsistency@@3P6AXXZA 100c34cc     LIBCMT:hooks.obj
 0003:000444f0       ___pPurecall               100c34f0     LIBCMT:inithelp.obj
 0003:00044508       __stdbuf                   100c3508     LIBCMT:_sftbuf.obj
 0003:000445c8       _bot_frametime             100c35c8     <common>
 0003:000445cc       _fraglimit                 100c35cc     <common>
 0003:000445d0       _framecount                100c35d0     <common>
 0003:000445d4       _deathmatch                100c35d4     <common>
 0003:000445d8       _coop                      100c35d8     <common>
 0003:000445dc       _timelimit                 100c35dc     <common>
 0003:000445e0       _teamplay                  100c35e0     <common>
 0003:000445f0       _puff_org                  100c35f0     <common>
 0003:000445fc       _s                         100c35fc     <common>
 0003:00044600       _tg_data                   100c3600     <common>
 0003:00044660       _illegalclasses            100c3660     <common>
 0003:00044680       _teammaxplayers            100c3680     <common>
 0003:000446a0       _teamscores                100c36a0     <common>
 0003:000446c0       _teamlives                 100c36c0     <common>
 0003:000446e0       _teamfrags                 100c36e0     <common>
 0003:000446f4       _civilianteams             100c36f4     <common>
 0003:000446f8       _CTF_Map                   100c36f8     <common>
 0003:000446fc       _GR_TYPE_MIRV_NO           100c36fc     <common>
 0003:00044700       _GR_TYPE_NAPALM_NO         100c3700     <common>
 0003:00044704       _MAX_WORLD_PIPEBOMBS       100c3704     <common>
 0003:00044708       _FLAME_MAXWORLDNUM         100c3708     <common>
 0003:00044720       _tf_data                   100c3720     <common>
 0003:00044808       _MAX_WORLD_AMMOBOXES       100c3808     <common>
 0003:0004480c       _activator                 100c380c     <common>
 0003:00044810       _skill                     100c3810     <common>
 0003:00044814       _newmis                    100c3814     <common>
 0003:00044820       _saveangle                 100c3820     <common>
 0003:00044830       _savevel                   100c3830     <common>
 0003:0004483c       _snipers_num               100c383c     <common>
 0003:00044840       _starttime                 100c3840     <common>
 0003:00044860       _g_globalvars              100c3860     <common>
 0003:000449e0       _g_edicts                  100c39e0     <common>
 0003:0019a9e0       _self                      102199e0     <common>
 0003:0019a9e4       _sv_gravity                102199e4     <common>
 0003:0019a9e8       _api_ver                   102199e8     <common>
 0003:0019a9ec       _other                     102199ec     <common>
 0003:0019a9f0       _damage_inflictor          102199f0     <common>
 0003:0019a9f4       _damage_attacker           102199f4     <common>
 0003:0019a9f8       _lastspawn                 102199f8     <common>
 0003:0019a9fc       _modelindex_null           102199fc     <common>
 0003:0019aa00       _rj                        10219a00     <common>
 0003:0019aa04       _last_id                   10219a04     <common>
 0003:0019aa08       _modelindex_eyes           10219a08     <common>
 0003:0019aa0c       _modelindex_player         10219a0c     <common>
 0003:0019aa10       ___piob                    10219a10     <common>
 0003:0019aa20       __bufin                    10219a20     <common>
 0003:0019ba20       __nstream                  1021aa20     <common>
 0003:0019ba24       __debugger_hook_dummy      1021aa24     <common>
 0003:0019ba28       __nhandle                  1021aa28     <common>
 0003:0019ba40       ___pioinfo                 1021aa40     <common>
 0003:0019bb40       ___env_initialized         1021ab40     <common>
 0003:0019bb44       ___onexitend               1021ab44     <common>
 0003:0019bb48       ___onexitbegin             1021ab48     <common>
 0003:0019bb4c       ___mbctype_initialized     1021ab4c     <common>
 0003:0019bb50       ___dyn_tls_init_callback   1021ab50     <common>
 0003:0019bb54       ___active_heap             1021ab54     <common>
 0003:0019bb58       __pDestructExceptionObject 1021ab58     <common>
 0003:0019bb5c       ___sbh_cntHeaderList       1021ab5c     <common>
 0003:0019bb60       ___sbh_pHeaderList         1021ab60     <common>
 0003:0019bb64       ___sbh_threshold           1021ab64     <common>
 0003:0019bb68       ___sbh_pHeaderScan         1021ab68     <common>
 0003:0019bb6c       ___sbh_sizeHeaderList      1021ab6c     <common>
 0003:0019bb70       ___sbh_indGroupDefer       1021ab70     <common>
 0003:0019bb74       __pmatherr                 1021ab74     <common>
 0003:0019bb78       ___use_sse2_mathfcns       1021ab78     <common>
 0003:0019bb7c       ___sse2_available          1021ab7c     <common>
 0003:0019bb80       __acmdln                   1021ab80     <common>

 entry point at        0001:000595d8

 Static symbols

 0001:00002010       _CheckString               10003010 f   admin_cmd.obj
 0001:000021e0       _Admin_FindPlayerById      100031e0 f   admin_cmd.obj
 0001:00002240       _Admin_Auth                10003240 f   admin_cmd.obj
 0001:000023a0       _Admin_Kick                100033a0 f   admin_cmd.obj
 0001:00002470       _Admin_Ban                 10003470 f   admin_cmd.obj
 0001:00002530       _Admin_UnBan               10003530 f   admin_cmd.obj
 0001:000025b0       _Admin_BanList             100035b0 f   admin_cmd.obj
 0001:000025d0       _Admin_Status              100035d0 f   admin_cmd.obj
 0001:000025f0       _Admin_Map                 100035f0 f   admin_cmd.obj
 0001:00002670       _Admin_Console             10003670 f   admin_cmd.obj
 0001:000554a0       _InitBodyQue               100564a0 f   world.obj
 0001:000586c1       _vscan_fn                  100596c1 f   LIBCMT:sscanf.obj
 0001:000594e2       ___DllMainCRTStartup       1005a4e2 f   LIBCMT:dllcrt0.obj
 0001:000595f9       ?strtoxl@@YAKPAUlocaleinfo_struct@@PBDPAPBDHH@Z 1005a5f9 f   LIBCMT:strtol.obj
 0001:000599ab       __shift                    1005a9ab f   LIBCMT:cvt.obj
 0001:000599e4       __cftoe2_l                 1005a9e4 f   LIBCMT:cvt.obj
 0001:00059fae       __cftof2_l                 1005afae f   LIBCMT:cvt.obj
 0001:0005a9a1       _write_char                1005b9a1 f   LIBCMT:output.obj
 0001:0005a9d4       _write_multi_char          1005b9d4 f   LIBCMT:output.obj
 0001:0005a9f8       _write_string              1005b9f8 f   LIBCMT:output.obj
 0001:0005b583       _fastzero_I                1005c583 f   LIBCMT:p4_memset.obj
 0001:0005b7cb       ___check_float_string      1005c7cb f   LIBCMT:input.obj
 0001:0005b81f       __inc                      1005c81f f   LIBCMT:input.obj
 0001:0005b835       __whiteout                 1005c835 f   LIBCMT:input.obj
 0001:0005c4a7       _fastcopy_I                1005d4a7 f   LIBCMT:p4_memcpy.obj
 0001:0005d088       ?CPtoLCID@@YAHH@Z          1005e088 f   LIBCMT:mbctype.obj
 0001:0005d0b7       ?setSBCS@@YAXPAUthreadmbcinfostruct@@@Z 1005e0b7 f   LIBCMT:mbctype.obj
 0001:0005d10c       ?setSBUpLow@@YAXPAUthreadmbcinfostruct@@@Z 1005e10c f   LIBCMT:mbctype.obj
 0001:0005d33a       ?getSystemCP@@YAHH@Z       1005e33a f   LIBCMT:mbctype.obj
 0001:0005d969       __updatetlocinfoEx_nolock  1005e969 f   LIBCMT:setlocal.obj
 0001:0005dfd4       ?__crtLCMapStringA_stat@@YAHPAUlocaleinfo_struct@@KKPBDHPADHHH@Z 1005efd4 f   LIBCMT:a_map.obj
 0001:0005f4f0       __initterm                 100604f0 f   LIBCMT:crt0dat.obj
 0001:0005f62d       _doexit                    1006062d f   LIBCMT:crt0dat.obj
 0001:0005fdf6       _parse_cmdline             10060df6 f   LIBCMT:stdargv.obj
 0001:00060baa       _has_osfxsr_set            10061baa f   LIBCMT:cpu_disp.obj
 0001:0006260d       ?__crtGetStringTypeA_stat@@YAHPAUlocaleinfo_struct@@KPBDHPAGHHH@Z 1006360d f   LIBCMT:a_str.obj
 0001:00062ed6       ___crtInitCritSecNoSpinCount@8 10063ed6 f   LIBCMT:initcrit.obj
 0001:0006303c       __unwind_handler4          1006403c f   LIBCMT:exsup4.obj
 0001:000631de       __onexit_nolock            100641de f   LIBCMT:onexit.obj
 0001:0006336b       _siglookup                 1006436b f   LIBCMT:winsig.obj
 0001:00063ad4       ?x_ismbbtype_l@@YAHPAUlocaleinfo_struct@@IHH@Z 10064ad4 f   LIBCMT:ismbbyte.obj
 0001:00065548       __hw_cw                    10066548 f   LIBCMT:ieee87.obj
 0001:000655d6       ___hw_cw_sse2              100665d6 f   LIBCMT:ieee87.obj
 0001:00065d32       _flsall                    10066d32 f   LIBCMT:fflush.obj
 0001:000664b4       __unwind_handler           100674b4 f   LIBCMT:exsup.obj
